QUATERNIONS MAIN...
HASH STRING: 0663166771_29864_565_[1000;1000;1000;2.0;float64;10;TTTTTTTT]
================================================================================================================================================================================================================
EXPERIMENT INFO:
{
  M: 1000,
  N: 1000,
  P: 1000,
  SEED: 0,
  RANGE: 2.0,
  DTYPE: <class 'numpy.float64'>,
  REPETITIONS: 10,
  QMATMUL_NAIVE_NUMBA_ST: (True, 'qmatmul_naive_numba_st_float64'),
  QMATMUL_NAIVE_NUMBA_PARALLEL: (True, 'qmatmul_naive_numba_parallel_float64'),
  QMATMUL_DIRECT_NUMPY_ST: (True, 'qmatmul_direct_numpy_st'),
  QMATMUL_DIRECT_NUMPY_PARALLEL: (True, 'qmatmul_direct_numpy_parallel'),
  QMATMUL_DIRECT_NUMBA_CUDA: (True, 'qmatmul_direct_numba_cuda_float64'),
  QMATMUL_ALGO_NUMPY_ST: (True, 'qmatmul_algo_numpy_st'),
  QMATMUL_ALGO_NUMPY_PARALLEL: (True, 'qmatmul_algo_numpy_parallel'),
  QMATMUL_ALGO_NUMBA_CUDA: (True, 'qmatmul_algo_numba_cuda_float64')
}
================================================================================================================================================================================================================
CPU AND SYSTEM PROPS:
{
  cpu_name: Intel(R) Core(TM) i7-10700 CPU @ 2.90GHz,
  ram_size: 125.7 GB,
  os_name: Linux 6.8.0-106-generic,
  os_version: #106-Ubuntu SMP PREEMPT_DYNAMIC Fri Mar  6 07:58:08 UTC 2026,
  os_machine: x86_64
}
GPU PROPS:
{
  name: NVIDIA GeForce RTX 3090,
  max_threads_per_block: 1024,
  max_block_dim_x: 1024,
  max_block_dim_y: 1024,
  max_block_dim_z: 64,
  max_grid_dim_x: 2147483647,
  max_grid_dim_y: 65535,
  max_grid_dim_z: 65535,
  max_shared_memory_per_block: 49152,
  async_engine_count: 2,
  can_map_host_memory: 1,
  multiprocessor_count: 82,
  warp_size: 32,
  unified_addressing: 1,
  pci_bus_id: 1,
  pci_device_id: 0,
  compute_capability: ComputeCapability(major=8, minor=6),
  cores_per_SM: 128,
  cores_total: 10496
}
================================================================================================================================================================================================================
MEMORY INFO:
A: 30.518 MiB
B: 30.518 MiB
C: 30.52 MiB
================================================================================================================================================================================================================
WARM-UP:
WARM-UP FOR APPROACH 1: QMATMUL_NAIVE_NUMBA_ST...
WARM-UP FOR APPROACH 1: QMATMUL_NAIVE_NUMBA_ST DONE. [time: 0.08354520797729492 s]
WARM-UP FOR APPROACH 2: QMATMUL_NAIVE_NUMBA_PARALLEL...
WARM-UP FOR APPROACH 2: QMATMUL_NAIVE_NUMBA_PARALLEL DONE. [time: 0.009165525436401367 s]
WARM-UP FOR APPROACH 3: QMATMUL_DIRECT_NUMPY_ST...
WARM-UP FOR APPROACH 3: QMATMUL_DIRECT_NUMPY_ST DONE. [time: 0.006554365158081055 s]
WARM-UP FOR APPROACH 4: QMATMUL_DIRECT_NUMPY_PARALLEL...
WARM-UP FOR APPROACH 4: QMATMUL_DIRECT_NUMPY_PARALLEL DONE. [time: 0.0006818771362304688 s]
WARM-UP FOR APPROACH 5: QMATMUL_DIRECT_NUMBA_CUDA...
WARM-UP FOR APPROACH 5: QMATMUL_DIRECT_NUMBA_CUDA DONE. [time: 0.0019822120666503906 s]
WARM-UP FOR APPROACH 6: QMATMUL_ALGO_NUMPY_ST...
WARM-UP FOR APPROACH 6: QMATMUL_ALGO_NUMPY_ST DONE. [time: 0.001975536346435547 s]
WARM-UP FOR APPROACH 7: QMATMUL_ALGO_NUMPY_PARALLEL...
WARM-UP FOR APPROACH 7: QMATMUL_ALGO_NUMPY_PARALLEL DONE. [time: 0.0008130073547363281 s]
WARM-UP FOR APPROACH 8: QMATMUL_ALGO_NUMBA_CUDA...
WARM-UP FOR APPROACH 8: QMATMUL_ALGO_NUMBA_CUDA DONE. [time: 0.002858877182006836 s]
================================================================================================================================================================================================================
REPETITION: 1/10:
APPROACH 1: QMATMUL_NAIVE_NUMBA_APPROAAPPROACH 1: QMATMUL_NAIVE_NUMBA_ST DONE. [time: 88.42517137527466 s, all close: True, speed-up vs reference: 1.00, reference]
APPROACH 2: QMATMUL_NAIVE_NUMBA_PARALLEL...
APPROACH 2: QMATMUL_NAIVE_NUMBA_PARALLEL DONE. [time: 6.414325475692749 s, all close: True, speed-up vs reference: 13.79]
APPROACH 3: QMATMUL_DIRECT_NUMPY_ST...
APPROACH 3: QMATMUL_DIRECT_NUMPY_ST DONE. [time: 0.5545361042022705 s, all close: True, speed-up vs reference: 159.46]
APPROACH 4: QMATMUL_DIRECT_NUMPY_PARALLEL...
APPROACH 4: QMATMUL_DIRECT_NUMPY_PARALLEL DONE. [time: 0.20562291145324707 s, all close: True, speed-up vs reference: 430.04]
APPROACH 5: QMATMUL_DIRECT_NUMBA_CUDA...
APPROACH 5: QMATMUL_DIRECT_NUMBA_CUDA DONE. [time: 0.08330512046813965 s, all close: True, speed-up vs reference: 1061.46]
APPROACH 6: QMATMUL_ALGO_NUMPY_ST...
APPROACH 6: QMATMUL_ALGO_NUMPY_ST DONE. [time: 0.33362364768981934 s, all close: True, speed-up vs reference: 265.04]
APPROACH 7: QMATMUL_ALGO_NUMPY_PARALLEL...
APPROACH 7: QMATMUL_ALGO_NUMPY_PARALLEL DONE. [time: 0.15511369705200195 s, all close: True, speed-up vs reference: 570.07]
APPROACH 8: QMATMUL_ALGO_NUMBA_CUDA...
APPROACH 8: QMATMUL_ALGO_NUMBA_CUDA DONE. [time: 0.05428004264831543 s, all close: True, speed-up vs reference: 1629.05]
REPETITION: 2/10:
APPROACH 1: QMATMUL_NAIVE_NUMBAPPROACHAPPROACH 1: QMATMUL_NAIVE_NUMBA_ST DONE. [time: 88.40134906768799 s, all close: True, speed-up vs reference: 1.00]
APPROACH 2: QMATMUL_NAIVE_NUMBA_PARALLEL...
APPROACH 2: QMATMUL_NAIVE_NUMBA_PARALLEL DONE. [time: 6.356801986694336 s, all close: True, speed-up vs reference: 13.91]
APPROACH 3: QMATMUL_DIRECT_NUMPY_ST...
APPROACH 3: QMATMUL_DIRECT_NUMPY_ST DONE. [time: 0.5534863471984863 s, all close: True, speed-up vs reference: 159.76]
APPROACH 4: QMATMUL_DIRECT_NUMPY_PARALLEL...
APPROACH 4: QMATMUL_DIRECT_NUMPY_PARALLEL DONE. [time: 0.21237587928771973 s, all close: True, speed-up vs reference: 416.36]
APPROACH 5: QMATMUL_DIRECT_NUMBA_CUDA...
APPROACH 5: QMATMUL_DIRECT_NUMBA_CUDA DONE. [time: 0.08200836181640625 s, all close: True, speed-up vs reference: 1078.25]
APPROACH 6: QMATMUL_ALGO_NUMPY_ST...
APPROACH 6: QMATMUL_ALGO_NUMPY_ST DONE. [time: 0.3379857540130615 s, all close: True, speed-up vs reference: 261.62]
APPROACH 7: QMATMUL_ALGO_NUMPY_PARALLEL...
APPROACH 7: QMATMUL_ALGO_NUMPY_PARALLEL DONE. [time: 0.16055727005004883 s, all close: True, speed-up vs reference: 550.74]
APPROACH 8: QMATMUL_ALGO_NUMBA_CUDA...
APPROACH 8: QMATMUL_ALGO_NUMBA_CUDA DONE. [time: 0.05452728271484375 s, all close: True, speed-up vs reference: 1621.67]
REPETITION: 3/10:
APPROACH 1: QMATMUL_NAIVE_NUMAPPROACH APPROACH 1: QMATMUL_NAIVE_NUMBA_ST DONE. [time: 86.33888173103333 s, all close: True, speed-up vs reference: 1.02]
APPROACH 2: QMATMUL_NAIVE_NUMBA_PARALLEL...
APPROACH 2: QMATMUL_NAIVE_NUMBA_PARALLEL DONE. [time: 6.203930854797363 s, all close: True, speed-up vs reference: 14.25]
APPROACH 3: QMATMUL_DIRECT_NUMPY_ST...
APPROACH 3: QMATMUL_DIRECT_NUMPY_ST DONE. [time: 0.5509417057037354 s, all close: True, speed-up vs reference: 160.50]
APPROACH 4: QMATMUL_DIRECT_NUMPY_PARALLEL...
APPROACH 4: QMATMUL_DIRECT_NUMPY_PARALLEL DONE. [time: 0.2111835479736328 s, all close: True, speed-up vs reference: 418.71]
APPROACH 5: QMATMUL_DIRECT_NUMBA_CUDA...
APPROACH 5: QMATMUL_DIRECT_NUMBA_CUDA DONE. [time: 0.08617734909057617 s, all close: True, speed-up vs reference: 1026.08]
APPROACH 6: QMATMUL_ALGO_NUMPY_ST...
APPROACH 6: QMATMUL_ALGO_NUMPY_ST DONE. [time: 0.3345327377319336 s, all close: True, speed-up vs reference: 264.32]
APPROACH 7: QMATMUL_ALGO_NUMPY_PARALLEL...
APPROACH 7: QMATMUL_ALGO_NUMPY_PARALLEL DONE. [time: 0.15623855590820312 s, all close: True, speed-up vs reference: 565.96]
APPROACH 8: QMATMUL_ALGO_NUMBA_CUDA...
APPROACH 8: QMATMUL_ALGO_NUMBA_CUDA DONE. [time: 0.05454134941101074 s, all close: True, speed-up vs reference: 1621.25]
REPETITION: 4/10:
APPROACH 1: QMATMUL_NAIVE_NUMAPPROACH APPROACH 1: QMATMUL_NAIVE_NUMBA_ST DONE. [time: 86.65436005592346 s, all close: True, speed-up vs reference: 1.02]
APPROACH 2: QMATMUL_NAIVE_NUMBA_PARALLEL...
APPROACH 2: QMATMUL_NAIVE_NUMBA_PARALLEL DONE. [time: 6.401758432388306 s, all close: True, speed-up vs reference: 13.81]
APPROACH 3: QMATMUL_DIRECT_NUMPY_ST...
APPROACH 3: QMATMUL_DIRECT_NUMPY_ST DONE. [time: 0.5509734153747559 s, all close: True, speed-up vs reference: 160.49]
APPROACH 4: QMATMUL_DIRECT_NUMPY_PARALLEL...
APPROACH 4: QMATMUL_DIRECT_NUMPY_PARALLEL DONE. [time: 0.21248626708984375 s, all close: True, speed-up vs reference: 416.15]
APPROACH 5: QMATMUL_DIRECT_NUMBA_CUDA...
APPROACH 5: QMATMUL_DIRECT_NUMBA_CUDA DONE. [time: 0.08677148818969727 s, all close: True, speed-up vs reference: 1019.06]
APPROACH 6: QMATMUL_ALGO_NUMPY_ST...
APPROACH 6: QMATMUL_ALGO_NUMPY_ST DONE. [time: 0.33219361305236816 s, all close: True, speed-up vs reference: 266.19]
APPROACH 7: QMATMUL_ALGO_NUMPY_PARALLEL...
APPROACH 7: QMATMUL_ALGO_NUMPY_PARALLEL DONE. [time: 0.19087696075439453 s, all close: True, speed-up vs reference: 463.26]
APPROACH 8: QMATMUL_ALGO_NUMBA_CUDA...
APPROACH 8: QMATMUL_ALGO_NUMBA_CUDA DONE. [time: 0.057050228118896484 s, all close: True, speed-up vs reference: 1549.95]
REPETITION: 5/10:
APPROACH 1: QMATMUL_NAIVE_APPROACH 1: APPROACH 1: QMATMUL_NAIVE_NUMBA_ST DONE. [time: 86.46007943153381 s, all close: True, speed-up vs reference: 1.02]
APPROACH 2: QMATMUL_NAIVE_NUMBA_PARALLEL...
APPROACH 2: QMATMUL_NAIVE_NUMBA_PARALLEL DONE. [time: 6.588785409927368 s, all close: True, speed-up vs reference: 13.42]
APPROACH 3: QMATMUL_DIRECT_NUMPY_ST...
APPROACH 3: QMATMUL_DIRECT_NUMPY_ST DONE. [time: 0.5590143203735352 s, all close: True, speed-up vs reference: 158.18]
APPROACH 4: QMATMUL_DIRECT_NUMPY_PARALLEL...
APPROACH 4: QMATMUL_DIRECT_NUMPY_PARALLEL DONE. [time: 0.2070600986480713 s, all close: True, speed-up vs reference: 427.05]
APPROACH 5: QMATMUL_DIRECT_NUMBA_CUDA...
APPROACH 5: QMATMUL_DIRECT_NUMBA_CUDA DONE. [time: 0.08187723159790039 s, all close: True, speed-up vs reference: 1079.97]
APPROACH 6: QMATMUL_ALGO_NUMPY_ST...
APPROACH 6: QMATMUL_ALGO_NUMPY_ST DONE. [time: 0.3316507339477539 s, all close: True, speed-up vs reference: 266.62]
APPROACH 7: QMATMUL_ALGO_NUMPY_PARALLEL...
APPROACH 7: QMATMUL_ALGO_NUMPY_PARALLEL DONE. [time: 0.1558837890625 s, all close: True, speed-up vs reference: 567.25]
APPROACH 8: QMATMUL_ALGO_NUMBA_CUDA...
APPROACH 8: QMATMUL_ALGO_NUMBA_CUDA DONE. [time: 0.05218791961669922 s, all close: True, speed-up vs reference: 1694.36]
REPETITION: 6/10:
APPROACH 1: QMATMUL_NAIVE_NUMBAAPPROACAPPROACH 1: QMATMUL_NAIVE_NUMBA_ST DONE. [time: 86.52780032157898 s, all close: True, speed-up vs reference: 1.02]
APPROACH 2: QMATMUL_NAIVE_NUMBA_PARALLEL...
APPROACH 2: QMATMUL_NAIVE_NUMBA_PARALLEL DONE. [time: 6.186695337295532 s, all close: True, speed-up vs reference: 14.29]
APPROACH 3: QMATMUL_DIRECT_NUMPY_ST...
APPROACH 3: QMATMUL_DIRECT_NUMPY_ST DONE. [time: 0.5482120513916016 s, all close: True, speed-up vs reference: 161.30]
APPROACH 4: QMATMUL_DIRECT_NUMPY_PARALLEL...
APPROACH 4: QMATMUL_DIRECT_NUMPY_PARALLEL DONE. [time: 0.20795798301696777 s, all close: True, speed-up vs reference: 425.21]
APPROACH 5: QMATMUL_DIRECT_NUMBA_CUDA...
APPROACH 5: QMATMUL_DIRECT_NUMBA_CUDA DONE. [time: 0.09415888786315918 s, all close: True, speed-up vs reference: 939.11]
APPROACH 6: QMATMUL_ALGO_NUMPY_ST...
APPROACH 6: QMATMUL_ALGO_NUMPY_ST DONE. [time: 0.3342163562774658 s, all close: True, speed-up vs reference: 264.57]
APPROACH 7: QMATMUL_ALGO_NUMPY_PARALLEL...
APPROACH 7: QMATMUL_ALGO_NUMPY_PARALLEL DONE. [time: 0.15564632415771484 s, all close: True, speed-up vs reference: 568.12]
APPROACH 8: QMATMUL_ALGO_NUMBA_CUDA...
APPROACH 8: QMATMUL_ALGO_NUMBA_CUDA DONE. [time: 0.058624982833862305 s, all close: True, speed-up vs reference: 1508.32]
REPETITION: 7/10:
APPROACH 1: QMATMUL_NAIVE_NUMBAAPPROACAPPROACH 1: QMATMUL_NAIVE_NUMBA_ST DONE. [time: 86.79257464408875 s, all close: True, speed-up vs reference: 1.02]
APPROACH 2: QMATMUL_NAIVE_NUMBA_PARALLEL...
APPROACH 2: QMATMUL_NAIVE_NUMBA_PARALLEL DONE. [time: 6.144524097442627 s, all close: True, speed-up vs reference: 14.39]
APPROACH 3: QMATMUL_DIRECT_NUMPY_ST...
APPROACH 3: QMATMUL_DIRECT_NUMPY_ST DONE. [time: 0.5486412048339844 s, all close: True, speed-up vs reference: 161.17]
APPROACH 4: QMATMUL_DIRECT_NUMPY_PARALLEL...
APPROACH 4: QMATMUL_DIRECT_NUMPY_PARALLEL DONE. [time: 0.21077775955200195 s, all close: True, speed-up vs reference: 419.52]
APPROACH 5: QMATMUL_DIRECT_NUMBA_CUDA...
APPROACH 5: QMATMUL_DIRECT_NUMBA_CUDA DONE. [time: 0.0753638744354248 s, all close: True, speed-up vs reference: 1173.31]
APPROACH 6: QMATMUL_ALGO_NUMPY_ST...
APPROACH 6: QMATMUL_ALGO_NUMPY_ST DONE. [time: 0.33376121520996094 s, all close: True, speed-up vs reference: 264.94]
APPROACH 7: QMATMUL_ALGO_NUMPY_PARALLEL...
APPROACH 7: QMATMUL_ALGO_NUMPY_PARALLEL DONE. [time: 0.1943371295928955 s, all close: True, speed-up vs reference: 455.01]
APPROACH 8: QMATMUL_ALGO_NUMBA_CUDA...
APPROACH 8: QMATMUL_ALGO_NUMBA_CUDA DONE. [time: 0.0629119873046875 s, all close: True, speed-up vs reference: 1405.54]
REPETITION: 8/10:
APPROACH 1: QMATMUL_NAIVE_NUMBAAPPROACAPPROACH 1: QMATMUL_NAIVE_NUMBA_ST DONE. [time: 86.28265833854675 s, all close: True, speed-up vs reference: 1.02]
APPROACH 2: QMATMUL_NAIVE_NUMBA_PARALLEL...
APPROACH 2: QMATMUL_NAIVE_NUMBA_PARALLEL DONE. [time: 6.097146034240723 s, all close: True, speed-up vs reference: 14.50]
APPROACH 3: QMATMUL_DIRECT_NUMPY_ST...
APPROACH 3: QMATMUL_DIRECT_NUMPY_ST DONE. [time: 0.5512416362762451 s, all close: True, speed-up vs reference: 160.41]
APPROACH 4: QMATMUL_DIRECT_NUMPY_PARALLEL...
APPROACH 4: QMATMUL_DIRECT_NUMPY_PARALLEL DONE. [time: 0.2080707550048828 s, all close: True, speed-up vs reference: 424.98]
APPROACH 5: QMATMUL_DIRECT_NUMBA_CUDA...
APPROACH 5: QMATMUL_DIRECT_NUMBA_CUDA DONE. [time: 0.07490921020507812 s, all close: True, speed-up vs reference: 1180.43]
APPROACH 6: QMATMUL_ALGO_NUMPY_ST...
APPROACH 6: QMATMUL_ALGO_NUMPY_ST DONE. [time: 0.33528685569763184 s, all close: True, speed-up vs reference: 263.73]
APPROACH 7: QMATMUL_ALGO_NUMPY_PARALLEL...
APPROACH 7: QMATMUL_ALGO_NUMPY_PARALLEL DONE. [time: 0.15683293342590332 s, all close: True, speed-up vs reference: 563.82]
APPROACH 8: QMATMUL_ALGO_NUMBA_CUDA...
APPROACH 8: QMATMUL_ALGO_NUMBA_CUDA DONE. [time: 0.06282711029052734 s, all close: True, speed-up vs reference: 1407.44]
REPETITION: 9/10:
APPROACH 1: QMATMUL_NAIVE_NUMBA_APPROAAPPROACH 1: QMATMUL_NAIVE_NUMBA_ST DONE. [time: 86.92441129684448 s, all close: True, speed-up vs reference: 1.02]
APPROACH 2: QMATMUL_NAIVE_NUMBA_PARALLEL...
APPROACH 2: QMATMUL_NAIVE_NUMBA_PARALLEL DONE. [time: 6.074545383453369 s, all close: True, speed-up vs reference: 14.56]
APPROACH 3: QMATMUL_DIRECT_NUMPY_ST...
APPROACH 3: QMATMUL_DIRECT_NUMPY_ST DONE. [time: 0.5484163761138916 s, all close: True, speed-up vs reference: 161.24]
APPROACH 4: QMATMUL_DIRECT_NUMPY_PARALLEL...
APPROACH 4: QMATMUL_DIRECT_NUMPY_PARALLEL DONE. [time: 0.2145709991455078 s, all close: True, speed-up vs reference: 412.10]
APPROACH 5: QMATMUL_DIRECT_NUMBA_CUDA...
APPROACH 5: QMATMUL_DIRECT_NUMBA_CUDA DONE. [time: 0.07487607002258301 s, all close: True, speed-up vs reference: 1180.95]
APPROACH 6: QMATMUL_ALGO_NUMPY_ST...
APPROACH 6: QMATMUL_ALGO_NUMPY_ST DONE. [time: 0.33199357986450195 s, all close: True, speed-up vs reference: 266.35]
APPROACH 7: QMATMUL_ALGO_NUMPY_PARALLEL...
APPROACH 7: QMATMUL_ALGO_NUMPY_PARALLEL DONE. [time: 0.21136021614074707 s, all close: True, speed-up vs reference: 418.36]
APPROACH 8: QMATMUL_ALGO_NUMBA_CUDA...
APPROACH 8: QMATMUL_ALGO_NUMBA_CUDA DONE. [time: 0.0627145767211914 s, all close: True, speed-up vs reference: 1409.96]
REPETITION: 10/10:
APPROACH 1: QMATMUL_NAIVE_NUMBAPPROACHAPPROACH 1: QMATMUL_NAIVE_NUMBA_ST DONE. [time: 86.59588766098022 s, all close: True, speed-up vs reference: 1.02]
APPROACH 2: QMATMUL_NAIVE_NUMBA_PARALLEL...
APPROACH 2: QMATMUL_NAIVE_NUMBA_PARALLEL DONE. [time: 5.803431034088135 s, all close: True, speed-up vs reference: 15.24]
APPROACH 3: QMATMUL_DIRECT_NUMPY_ST...
APPROACH 3: QMATMUL_DIRECT_NUMPY_ST DONE. [time: 0.5739271640777588 s, all close: True, speed-up vs reference: 154.07]
APPROACH 4: QMATMUL_DIRECT_NUMPY_PARALLEL...
APPROACH 4: QMATMUL_DIRECT_NUMPY_PARALLEL DONE. [time: 0.21928739547729492 s, all close: True, speed-up vs reference: 403.24]
APPROACH 5: QMATMUL_DIRECT_NUMBA_CUDA...
APPROACH 5: QMATMUL_DIRECT_NUMBA_CUDA DONE. [time: 0.08585166931152344 s, all close: True, speed-up vs reference: 1029.98]
APPROACH 6: QMATMUL_ALGO_NUMPY_ST...
APPROACH 6: QMATMUL_ALGO_NUMPY_ST DONE. [time: 0.3408176898956299 s, all close: True, speed-up vs reference: 259.45]
APPROACH 7: QMATMUL_ALGO_NUMPY_PARALLEL...
APPROACH 7: QMATMUL_ALGO_NUMPY_PARALLEL DONE. [time: 0.16199731826782227 s, all close: True, speed-up vs reference: 545.84]
APPROACH 8: QMATMUL_ALGO_NUMBA_CUDA...
APPROACH 8: QMATMUL_ALGO_NUMBA_CUDA DONE. [time: 0.06284260749816895 s, all close: True, speed-up vs reference: 1407.09]
================================================================================================================================================================================================================
SUMMARY:
APPROACH 1: QMATMUL_NAIVE_NUMBA_ST (REFERENCE) -> MEAN TIME: 86.94031739234924 s, TIME STD: 0.7587442511830311 s, STD_%: 0.9%, SPEED-UP: 1.00
APPROACH 2: QMATMUL_NAIVE_NUMBA_PARALLEL -> MEAN TIME: 6.22719440460205 s, TIME STD: 0.21020044276859728 s, STD_%: 3.4%, SPEED-UP: 13.96
APPROACH 3: QMATMUL_DIRECT_NUMPY_ST -> MEAN TIME: 0.5539390325546265 s, TIME STD: 0.0073638657848154815 s, STD_%: 1.3%, SPEED-UP: 156.95
APPROACH 4: QMATMUL_DIRECT_NUMPY_PARALLEL -> MEAN TIME: 0.210939359664917 s, TIME STD: 0.0038451469154379874 s, STD_%: 1.8%, SPEED-UP: 412.16
APPROACH 5: QMATMUL_DIRECT_NUMBA_CUDA -> MEAN TIME: 0.08252992630004882 s, TIME STD: 0.005889561603998522 s, STD_%: 7.1%, SPEED-UP: 1053.44
APPROACH 6: QMATMUL_ALGO_NUMPY_ST -> MEAN TIME: 0.3346062183380127 s, TIME STD: 0.002714501919962632 s, STD_%: 0.8%, SPEED-UP: 259.83
APPROACH 7: QMATMUL_ALGO_NUMPY_PARALLEL -> MEAN TIME: 0.16988441944122315 s, TIME STD: 0.019701603346086113 s, STD_%: 11.6%, SPEED-UP: 511.76
APPROACH 8: QMATMUL_ALGO_NUMBA_CUDA -> MEAN TIME: 0.058250808715820314 s, TIME STD: 0.00406707148263627 s, STD_%: 7.0%, SPEED-UP: 1492.52
================================================================================================================================================================================================================
QUATERNIONS MAIN DONE. [hash string: 0663166771_29864_565_[1000;1000;1000;2.0;float64;10;TTTTTTTT], time: 948.8235194683075 s]
