QUATERNIONS MAIN...
HASH STRING: 0707614807_29096_053_[300;300;300;2.0;float32;10;FTTTFTTF]
================================================================================================================================================================================================================
EXPERIMENT INFO:
{
  M: 300,
  N: 300,
  P: 300,
  SEED: 0,
  RANGE: 2.0,
  DTYPE: <class 'numpy.float32'>,
  REPETITIONS: 10,
  QMATMUL_NAIVE_NUMBA_ST: (False, 'qmatmul_naive_numba_st_float32'),
  QMATMUL_NAIVE_NUMBA_PARALLEL: (True, 'qmatmul_naive_numba_parallel_float32'),
  QMATMUL_DIRECT_NUMPY_ST: (True, 'qmatmul_direct_numpy_st'),
  QMATMUL_DIRECT_NUMPY_PARALLEL: (True, 'qmatmul_direct_numpy_parallel'),
  QMATMUL_DIRECT_NUMBA_CUDA: (False, 'qmatmul_direct_numba_cuda_float32'),
  QMATMUL_ALGO_NUMPY_ST: (True, 'qmatmul_algo_numpy_st'),
  QMATMUL_ALGO_NUMPY_PARALLEL: (True, 'qmatmul_algo_numpy_parallel'),
  QMATMUL_ALGO_NUMBA_CUDA: (False, 'qmatmul_algo_numba_cuda_float32')
}
================================================================================================================================================================================================================
CPU AND SYSTEM PROPS:
{
  cpu_name: Intel(R) Core(TM) Ultra 9 285HX,
  ram_size: 125.3 GB,
  os_name: Linux 6.17.0-1020-oem,
  os_version: #20-Ubuntu SMP PREEMPT_DYNAMIC Wed Apr 22 07:30:20 UTC 2026,
  os_machine: x86_64
}
GPU PROPS:
{
  name: NVIDIA RTX PRO 5000 Blackwell Generation Laptop GPU,
  max_threads_per_block: 1024,
  max_block_dim_x: 1024,
  max_block_dim_y: 1024,
  max_block_dim_z: 64,
  max_grid_dim_x: 2147483647,
  max_grid_dim_y: 65535,
  max_grid_dim_z: 65535,
  max_shared_memory_per_block: 49152,
  async_engine_count: 2,
  can_map_host_memory: 1,
  multiprocessor_count: 82,
  warp_size: 32,
  unified_addressing: 1,
  pci_bus_id: 2,
  pci_device_id: 0,
  compute_capability: ComputeCapability(major=12, minor=0),
  cores_per_SM: 128,
  cores_total: 10496
}
================================================================================================================================================================================================================
MEMORY INFO:
A: 1.373 MiB
B: 1.373 MiB
C: 1.37 MiB
================================================================================================================================================================================================================
WARM-UP:
WARM-UP APPROACH 1: QMATMUL_NAIVE_NUMBA_ST OFF.
WARM-UP FOR APPROACH 2: QMATMUL_NAIVE_NUMBA_PARALLEL...
WARM-UP FOR APPROACH 2: QMATMUL_NAIVE_NUMBA_PARALLEL DONE. [time: 0.004965066909790039 s]
WARM-UP FOR APPROACH 3: QMATMUL_DIRECT_NUMPY_ST...
WARM-UP FOR APPROACH 3: QMATMUL_DIRECT_NUMPY_ST DONE. [time: 0.008784055709838867 s]
WARM-UP FOR APPROACH 4: QMATMUL_DIRECT_NUMPY_PARALLEL...
WARM-UP FOR APPROACH 4: QMATMUL_DIRECT_NUMPY_PARALLEL DONE. [time: 0.0032091140747070312 s]
WARM-UP APPROACH 5: QMATMUL_DIRECT_NUMBA_CUDA OFF.
WARM-UP FOR APPROACH 6: QMATMUL_ALGO_NUMPY_ST...
WARM-UP FOR APPROACH 6: QMATMUL_ALGO_NUMPY_ST DONE. [time: 0.0008800029754638672 s]
WARM-UP FOR APPROACH 7: QMATMUL_ALGO_NUMPY_PARALLEL...
WARM-UP FOR APPROACH 7: QMATMUL_ALGO_NUMPY_PARALLEL DONE. [time: 0.0002846717834472656 s]
WARM-UP APPROACH 8: QMATMUL_ALGO_NUMBA_CUDA OFF.
================================================================================================================================================================================================================
REPETITION: 1/10:
APPROACH 1: QMATMUL_NAIVE_NUMBA_ST OFF.
APPROACH 2: QMATMUL_NAIVE_NUMBA_PARALLEL...
APPROACH 2: QMATMUL_NAIVE_NUMBA_PARALLEL DONE. [time: 0.09654784202575684 s, all close: True, speed-up vs reference: 1.00, reference]
APPROACH 3: QMATMUL_DIRECT_NUMPY_ST...
APPROACH 3: QMATMUL_DIRECT_NUMPY_ST DONE. [time: 0.012549638748168945 s, all close: True, speed-up vs reference: 7.69]
APPROACH 4: QMATMUL_DIRECT_NUMPY_PARALLEL...
APPROACH 4: QMATMUL_DIRECT_NUMPY_PARALLEL DONE. [time: 0.003138303756713867 s, all close: True, speed-up vs reference: 30.76]
APPROACH 5: QMATMUL_DIRECT_NUMBA_CUDA OFF.
APPROACH 6: QMATMUL_ALGO_NUMPY_ST...
APPROACH 6: QMATMUL_ALGO_NUMPY_ST DONE. [time: 0.01048588752746582 s, all close: True, speed-up vs reference: 9.21]
APPROACH 7: QMATMUL_ALGO_NUMPY_PARALLEL...
APPROACH 7: QMATMUL_ALGO_NUMPY_PARALLEL DONE. [time: 0.001990079879760742 s, all close: True, speed-up vs reference: 48.51]
APPROACH 8: QMATMUL_ALGO_NUMBA_CUDA OFF.
REPETITION: 2/10:
APPROACH 1: QMATMUL_NAIVE_NUMBA_ST OFF.
APPROACH 2: QMATMUL_NAIVE_NUMBA_PARALLEL...
APPROACH 2: QMATMUL_NAIVE_NUMBA_PARALLEL DONE. [time: 0.06605815887451172 s, all close: True, speed-up vs reference: 1.46]
APPROACH 3: QMATMUL_DIRECT_NUMPY_ST...
APPROACH 3: QMATMUL_DIRECT_NUMPY_ST DONE. [time: 0.012144804000854492 s, all close: True, speed-up vs reference: 7.95]
APPROACH 4: QMATMUL_DIRECT_NUMPY_PARALLEL...
APPROACH 4: QMATMUL_DIRECT_NUMPY_PARALLEL DONE. [time: 0.001840353012084961 s, all close: True, speed-up vs reference: 52.46]
APPROACH 5: QMATMUL_DIRECT_NUMBA_CUDA OFF.
APPROACH 6: QMATMUL_ALGO_NUMPY_ST...
APPROACH 6: QMATMUL_ALGO_NUMPY_ST DONE. [time: 0.008626461029052734 s, all close: True, speed-up vs reference: 11.19]
APPROACH 7: QMATMUL_ALGO_NUMPY_PARALLEL...
APPROACH 7: QMATMUL_ALGO_NUMPY_PARALLEL DONE. [time: 0.002418041229248047 s, all close: True, speed-up vs reference: 39.93]
APPROACH 8: QMATMUL_ALGO_NUMBA_CUDA OFF.
REPETITION: 3/10:
APPROACH 1: QMATMUL_NAIVE_NUMBA_ST OFF.
APPROACH 2: QMATMUL_NAIVE_NUMBA_PARALLEL...
APPROACH 2: QMATMUL_NAIVE_NUMBA_PARALLEL DONE. [time: 0.08562421798706055 s, all close: True, speed-up vs reference: 1.13]
APPROACH 3: QMATMUL_DIRECT_NUMPY_ST...
APPROACH 3: QMATMUL_DIRECT_NUMPY_ST DONE. [time: 0.012023687362670898 s, all close: True, speed-up vs reference: 8.03]
APPROACH 4: QMATMUL_DIRECT_NUMPY_PARALLEL...
APPROACH 4: QMATMUL_DIRECT_NUMPY_PARALLEL DONE. [time: 0.028458595275878906 s, all close: True, speed-up vs reference: 3.39]
APPROACH 5: QMATMUL_DIRECT_NUMBA_CUDA OFF.
APPROACH 6: QMATMUL_ALGO_NUMPY_ST...
APPROACH 6: QMATMUL_ALGO_NUMPY_ST DONE. [time: 0.009338617324829102 s, all close: True, speed-up vs reference: 10.34]
APPROACH 7: QMATMUL_ALGO_NUMPY_PARALLEL...
APPROACH 7: QMATMUL_ALGO_NUMPY_PARALLEL DONE. [time: 0.07034087181091309 s, all close: True, speed-up vs reference: 1.37]
APPROACH 8: QMATMUL_ALGO_NUMBA_CUDA OFF.
REPETITION: 4/10:
APPROACH 1: QMATMUL_NAIVE_NUMBA_ST OFF.
APPROACH 2: QMATMUL_NAIVE_NUMBA_PARALLEL...
APPROACH 2: QMATMUL_NAIVE_NUMBA_PARALLEL DONE. [time: 0.09282207489013672 s, all close: True, speed-up vs reference: 1.04]
APPROACH 3: QMATMUL_DIRECT_NUMPY_ST...
APPROACH 3: QMATMUL_DIRECT_NUMPY_ST DONE. [time: 0.008939504623413086 s, all close: True, speed-up vs reference: 10.80]
APPROACH 4: QMATMUL_DIRECT_NUMPY_PARALLEL...
APPROACH 4: QMATMUL_DIRECT_NUMPY_PARALLEL DONE. [time: 0.002276897430419922 s, all close: True, speed-up vs reference: 42.40]
APPROACH 5: QMATMUL_DIRECT_NUMBA_CUDA OFF.
APPROACH 6: QMATMUL_ALGO_NUMPY_ST...
APPROACH 6: QMATMUL_ALGO_NUMPY_ST DONE. [time: 0.008510112762451172 s, all close: True, speed-up vs reference: 11.35]
APPROACH 7: QMATMUL_ALGO_NUMPY_PARALLEL...
APPROACH 7: QMATMUL_ALGO_NUMPY_PARALLEL DONE. [time: 0.005025625228881836 s, all close: True, speed-up vs reference: 19.21]
APPROACH 8: QMATMUL_ALGO_NUMBA_CUDA OFF.
REPETITION: 5/10:
APPROACH 1: QMATMUL_NAIVE_NUMBA_ST OFF.
APPROACH 2: QMATMUL_NAIVE_NUMBA_PARALLEL...
APPROACH 2: QMATMUL_NAIVE_NUMBA_PARALLEL DONE. [time: 0.09986376762390137 s, all close: True, speed-up vs reference: 0.97]
APPROACH 3: QMATMUL_DIRECT_NUMPY_ST...
APPROACH 3: QMATMUL_DIRECT_NUMPY_ST DONE. [time: 0.008844375610351562 s, all close: True, speed-up vs reference: 10.92]
APPROACH 4: QMATMUL_DIRECT_NUMPY_PARALLEL...
APPROACH 4: QMATMUL_DIRECT_NUMPY_PARALLEL DONE. [time: 0.005354166030883789 s, all close: True, speed-up vs reference: 18.03]
APPROACH 5: QMATMUL_DIRECT_NUMBA_CUDA OFF.
APPROACH 6: QMATMUL_ALGO_NUMPY_ST...
APPROACH 6: QMATMUL_ALGO_NUMPY_ST DONE. [time: 0.007878303527832031 s, all close: True, speed-up vs reference: 12.25]
APPROACH 7: QMATMUL_ALGO_NUMPY_PARALLEL...
APPROACH 7: QMATMUL_ALGO_NUMPY_PARALLEL DONE. [time: 0.0725858211517334 s, all close: True, speed-up vs reference: 1.33]
APPROACH 8: QMATMUL_ALGO_NUMBA_CUDA OFF.
REPETITION: 6/10:
APPROACH 1: QMATMUL_NAIVE_NUMBA_ST OFF.
APPROACH 2: QMATMUL_NAIVE_NUMBA_PARALLEL...
APPROACH 2: QMATMUL_NAIVE_NUMBA_PARALLEL DONE. [time: 0.09521770477294922 s, all close: True, speed-up vs reference: 1.01]
APPROACH 3: QMATMUL_DIRECT_NUMPY_ST...
APPROACH 3: QMATMUL_DIRECT_NUMPY_ST DONE. [time: 0.008702993392944336 s, all close: True, speed-up vs reference: 11.09]
APPROACH 4: QMATMUL_DIRECT_NUMPY_PARALLEL...
APPROACH 4: QMATMUL_DIRECT_NUMPY_PARALLEL DONE. [time: 0.0021314620971679688 s, all close: True, speed-up vs reference: 45.30]
APPROACH 5: QMATMUL_DIRECT_NUMBA_CUDA OFF.
APPROACH 6: QMATMUL_ALGO_NUMPY_ST...
APPROACH 6: QMATMUL_ALGO_NUMPY_ST DONE. [time: 0.008220672607421875 s, all close: True, speed-up vs reference: 11.74]
APPROACH 7: QMATMUL_ALGO_NUMPY_PARALLEL...
APPROACH 7: QMATMUL_ALGO_NUMPY_PARALLEL DONE. [time: 0.002162933349609375 s, all close: True, speed-up vs reference: 44.64]
APPROACH 8: QMATMUL_ALGO_NUMBA_CUDA OFF.
REPETITION: 7/10:
APPROACH 1: QMATMUL_NAIVE_NUMBA_ST OFF.
APPROACH 2: QMATMUL_NAIVE_NUMBA_PARALLEL...
APPROACH 2: QMATMUL_NAIVE_NUMBA_PARALLEL DONE. [time: 0.09858155250549316 s, all close: True, speed-up vs reference: 0.98]
APPROACH 3: QMATMUL_DIRECT_NUMPY_ST...
APPROACH 3: QMATMUL_DIRECT_NUMPY_ST DONE. [time: 0.00873708724975586 s, all close: True, speed-up vs reference: 11.05]
APPROACH 4: QMATMUL_DIRECT_NUMPY_PARALLEL...
APPROACH 4: QMATMUL_DIRECT_NUMPY_PARALLEL DONE. [time: 0.0056192874908447266 s, all close: True, speed-up vs reference: 17.18]
APPROACH 5: QMATMUL_DIRECT_NUMBA_CUDA OFF.
APPROACH 6: QMATMUL_ALGO_NUMPY_ST...
APPROACH 6: QMATMUL_ALGO_NUMPY_ST DONE. [time: 0.007925033569335938 s, all close: True, speed-up vs reference: 12.18]
APPROACH 7: QMATMUL_ALGO_NUMPY_PARALLEL...
APPROACH 7: QMATMUL_ALGO_NUMPY_PARALLEL DONE. [time: 0.07256197929382324 s, all close: True, speed-up vs reference: 1.33]
APPROACH 8: QMATMUL_ALGO_NUMBA_CUDA OFF.
REPETITION: 8/10:
APPROACH 1: QMATMUL_NAIVE_NUMBA_ST OFF.
APPROACH 2: QMATMUL_NAIVE_NUMBA_PARALLEL...
APPROACH 2: QMATMUL_NAIVE_NUMBA_PARALLEL DONE. [time: 0.09398317337036133 s, all close: True, speed-up vs reference: 1.03]
APPROACH 3: QMATMUL_DIRECT_NUMPY_ST...
APPROACH 3: QMATMUL_DIRECT_NUMPY_ST DONE. [time: 0.008991479873657227 s, all close: True, speed-up vs reference: 10.74]
APPROACH 4: QMATMUL_DIRECT_NUMPY_PARALLEL...
APPROACH 4: QMATMUL_DIRECT_NUMPY_PARALLEL DONE. [time: 0.005650520324707031 s, all close: True, speed-up vs reference: 17.09]
APPROACH 5: QMATMUL_DIRECT_NUMBA_CUDA OFF.
APPROACH 6: QMATMUL_ALGO_NUMPY_ST...
APPROACH 6: QMATMUL_ALGO_NUMPY_ST DONE. [time: 0.008086442947387695 s, all close: True, speed-up vs reference: 11.94]
APPROACH 7: QMATMUL_ALGO_NUMPY_PARALLEL...
APPROACH 7: QMATMUL_ALGO_NUMPY_PARALLEL DONE. [time: 0.0239565372467041 s, all close: True, speed-up vs reference: 4.03]
APPROACH 8: QMATMUL_ALGO_NUMBA_CUDA OFF.
REPETITION: 9/10:
APPROACH 1: QMATMUL_NAIVE_NUMBA_ST OFF.
APPROACH 2: QMATMUL_NAIVE_NUMBA_PARALLEL...
APPROACH 2: QMATMUL_NAIVE_NUMBA_PARALLEL DONE. [time: 0.10237383842468262 s, all close: True, speed-up vs reference: 0.94]
APPROACH 3: QMATMUL_DIRECT_NUMPY_ST...
APPROACH 3: QMATMUL_DIRECT_NUMPY_ST DONE. [time: 0.008832454681396484 s, all close: True, speed-up vs reference: 10.93]
APPROACH 4: QMATMUL_DIRECT_NUMPY_PARALLEL...
APPROACH 4: QMATMUL_DIRECT_NUMPY_PARALLEL DONE. [time: 0.0034058094024658203 s, all close: True, speed-up vs reference: 28.35]
APPROACH 5: QMATMUL_DIRECT_NUMBA_CUDA OFF.
APPROACH 6: QMATMUL_ALGO_NUMPY_ST...
APPROACH 6: QMATMUL_ALGO_NUMPY_ST DONE. [time: 0.009359121322631836 s, all close: True, speed-up vs reference: 10.32]
APPROACH 7: QMATMUL_ALGO_NUMPY_PARALLEL...
APPROACH 7: QMATMUL_ALGO_NUMPY_PARALLEL DONE. [time: 0.0031528472900390625 s, all close: True, speed-up vs reference: 30.62]
APPROACH 8: QMATMUL_ALGO_NUMBA_CUDA OFF.
REPETITION: 10/10:
APPROACH 1: QMATMUL_NAIVE_NUMBA_ST OFF.
APPROACH 2: QMATMUL_NAIVE_NUMBA_PARALLEL...
APPROACH 2: QMATMUL_NAIVE_NUMBA_PARALLEL DONE. [time: 0.10105443000793457 s, all close: True, speed-up vs reference: 0.96]
APPROACH 3: QMATMUL_DIRECT_NUMPY_ST...
APPROACH 3: QMATMUL_DIRECT_NUMPY_ST DONE. [time: 0.00859975814819336 s, all close: True, speed-up vs reference: 11.23]
APPROACH 4: QMATMUL_DIRECT_NUMPY_PARALLEL...
APPROACH 4: QMATMUL_DIRECT_NUMPY_PARALLEL DONE. [time: 0.002123117446899414 s, all close: True, speed-up vs reference: 45.47]
APPROACH 5: QMATMUL_DIRECT_NUMBA_CUDA OFF.
APPROACH 6: QMATMUL_ALGO_NUMPY_ST...
APPROACH 6: QMATMUL_ALGO_NUMPY_ST DONE. [time: 0.008217096328735352 s, all close: True, speed-up vs reference: 11.75]
APPROACH 7: QMATMUL_ALGO_NUMPY_PARALLEL...
APPROACH 7: QMATMUL_ALGO_NUMPY_PARALLEL DONE. [time: 0.0020787715911865234 s, all close: True, speed-up vs reference: 46.44]
APPROACH 8: QMATMUL_ALGO_NUMBA_CUDA OFF.
================================================================================================================================================================================================================
SUMMARY:
APPROACH 1: QMATMUL_NAIVE_NUMBA_ST OFF.
APPROACH 2: QMATMUL_NAIVE_NUMBA_PARALLEL (REFERENCE) -> MEAN TIME: 0.0932126760482788 s, TIME STD: 0.010145560906969118 s, STD_%: 10.9%, SPEED-UP: 1.00
APPROACH 3: QMATMUL_DIRECT_NUMPY_ST -> MEAN TIME: 0.009836578369140625 s, TIME STD: 0.0015813706486059046 s, STD_%: 16.1%, SPEED-UP: 9.48
APPROACH 4: QMATMUL_DIRECT_NUMPY_PARALLEL -> MEAN TIME: 0.005999851226806641 s, TIME STD: 0.007623331102655659 s, STD_%: 127.1%, SPEED-UP: 15.54
APPROACH 5: QMATMUL_DIRECT_NUMBA_CUDA OFF.
APPROACH 6: QMATMUL_ALGO_NUMPY_ST -> MEAN TIME: 0.008664774894714355 s, TIME STD: 0.0007858680138497979 s, STD_%: 9.1%, SPEED-UP: 10.76
APPROACH 7: QMATMUL_ALGO_NUMPY_PARALLEL -> MEAN TIME: 0.02562735080718994 s, TIME STD: 0.030890272529755593 s, STD_%: 120.5%, SPEED-UP: 3.64
APPROACH 8: QMATMUL_ALGO_NUMBA_CUDA OFF.
================================================================================================================================================================================================================
QUATERNIONS MAIN DONE. [hash string: 0707614807_29096_053_[300;300;300;2.0;float32;10;FTTTFTTF], time: 2.575273275375366 s]
