QUATERNIONS MAIN...
HASH STRING: 1055817114_67969_927_[1000;1000;1000;2.0;float32;1;False;TTTTTTTT]
================================================================================================================================================================================================================
EXPERIMENT INFO:
{
  M: 1000,
  N: 1000,
  P: 1000,
  SEED: 0,
  RANGE: 2.0,
  DTYPE: <class 'numpy.float32'>,
  REPETITIONS: 1,
  NUMPY_SINGLE_THREAD: False,
  QMATMUL_NAIVE_NUMBA_ST: (True, 'qmatmul_naive_numba_st_float32'),
  QMATMUL_NAIVE_NUMBA_PARALLEL: (True, 'qmatmul_naive_numba_parallel_float32'),
  QMATMUL_DIRECT_NUMPY_ST: (True, 'qmatmul_direct_numpy_st'),
  QMATMUL_DIRECT_NUMPY_PARALLEL: (True, 'qmatmul_direct_numpy_parallel'),
  QMATMUL_ALGO_NUMPY_ST: (True, 'qmatmul_algo_numpy_st'),
  QMATMUL_ALGO_NUMPY_PARALLEL: (True, 'qmatmul_algo_numpy_parallel'),
  QMATMUL_DIRECT_NUMBA_CUDA: (True, 'qmatmul_direct_numba_cuda_float32'),
  QMATMUL_ALGO_NUMBA_CUDA: (True, 'qmatmul_algo_numba_cuda_float32')
}
================================================================================================================================================================================================================
CPU AND SYSTEM PROPS:
{
  cpu_name: Intel(R) Core(TM) Ultra 9 285HX,
  ram_size: 125.3 GB,
  os_name: Linux 6.17.0-1017-oem,
  os_version: #17-Ubuntu SMP PREEMPT_DYNAMIC Fri Mar 27 13:48:03 UTC 2026,
  os_machine: x86_64
}
GPU PROPS:
{
  name: NVIDIA RTX PRO 5000 Blackwell Generation Laptop GPU,
  max_threads_per_block: 1024,
  max_block_dim_x: 1024,
  max_block_dim_y: 1024,
  max_block_dim_z: 64,
  max_grid_dim_x: 2147483647,
  max_grid_dim_y: 65535,
  max_grid_dim_z: 65535,
  max_shared_memory_per_block: 49152,
  async_engine_count: 2,
  can_map_host_memory: 1,
  multiprocessor_count: 82,
  warp_size: 32,
  unified_addressing: 1,
  pci_bus_id: 2,
  pci_device_id: 0,
  compute_capability: ComputeCapability(major=12, minor=0),
  cores_per_SM: 128,
  cores_total: 10496
}
================================================================================================================================================================================================================
MEMORY INFO:
A: 15.259 MiB
B: 15.259 MiB
C: 15.26 MiB
================================================================================================================================================================================================================
REPETITION: 1/1:
APPROACH 1: QMATMUL_NAIVE_NUMBA_ST...
APPROACH 1: QMATMUL_NAIVE_NUMBA_ST DONE. [time: 70.89488244056702 s, all close: True, speed-up vs reference: 1.00, reference]
APPROACH 2: QMATMUL_NAIVE_NUMBA_PARALLEL...
APPROACH 2: QMATMUL_NAIVE_NUMBA_PARALLEL DONE. [time: 1.144693374633789 s, all close: True, speed-up vs reference: 61.93]
APPROACH 3: QMATMUL_DIRECT_NUMPY_ST...
APPROACH 3: QMATMUL_DIRECT_NUMPY_ST DONE. [time: 0.2436661720275879 s, all close: True, speed-up vs reference: 290.95]
APPROACH 4: QMATMUL_DIRECT_NUMPY_PARALLEL...
APPROACH 4: QMATMUL_DIRECT_NUMPY_PARALLEL DONE. [time: 0.04669952392578125 s, all close: True, speed-up vs reference: 1518.11]
APPROACH 5: QMATMUL_ALGO_NUMPY_ST...
APPROACH 5: QMATMUL_ALGO_NUMPY_ST DONE. [time: 0.1524817943572998 s, all close: True, speed-up vs reference: 464.94]
APPROACH 6: QMATMUL_ALGO_NUMPY_PARALLEL...
APPROACH 6: QMATMUL_ALGO_NUMPY_PARALLEL DONE. [time: 0.0448002815246582 s, all close: True, speed-up vs reference: 1582.47]
APPROACH 7: QMATMUL_DIRECT_NUMBA_CUDA...
APPROACH 7: QMATMUL_DIRECT_NUMBA_CUDA DONE. [time: 0.11049413681030273 s, all close: True, speed-up vs reference: 641.62]
APPROACH 8: QMATMUL_ALGO_NUMBA_CUDA...
APPROACH 8: QMATMUL_ALGO_NUMBA_CUDA DONE. [time: 0.01540231704711914 s, all close: True, speed-up vs reference: 4602.87]
================================================================================================================================================================================================================
SUMMARY:
APPROACH 1: QMATMUL_NAIVE_NUMBA_ST (REFERENCE) -> MEAN TIME: 70.89488244056702 s, TIME STD: 0.0 s, STD_%: 0.0%, SPEED-UP: 1.00
APPROACH 2: QMATMUL_NAIVE_NUMBA_PARALLEL -> MEAN TIME: 1.144693374633789 s, TIME STD: 0.0 s, STD_%: 0.0%, SPEED-UP: 61.93
APPROACH 3: QMATMUL_DIRECT_NUMPY_ST -> MEAN TIME: 0.2436661720275879 s, TIME STD: 0.0 s, STD_%: 0.0%, SPEED-UP: 290.95
APPROACH 4: QMATMUL_DIRECT_NUMPY_PARALLEL -> MEAN TIME: 0.04669952392578125 s, TIME STD: 0.0 s, STD_%: 0.0%, SPEED-UP: 1518.11
APPROACH 5: QMATMUL_ALGO_NUMPY_ST -> MEAN TIME: 0.1524817943572998 s, TIME STD: 0.0 s, STD_%: 0.0%, SPEED-UP: 464.94
APPROACH 6: QMATMUL_ALGO_NUMPY_PARALLEL -> MEAN TIME: 0.0448002815246582 s, TIME STD: 0.0 s, STD_%: 0.0%, SPEED-UP: 1582.47
APPROACH 7: QMATMUL_DIRECT_NUMBA_CUDA -> MEAN TIME: 0.11049413681030273 s, TIME STD: 0.0 s, STD_%: 0.0%, SPEED-UP: 641.62
APPROACH 8: QMATMUL_ALGO_NUMBA_CUDA -> MEAN TIME: 0.01540231704711914 s, TIME STD: 0.0 s, STD_%: 0.0%, SPEED-UP: 4602.87
================================================================================================================================================================================================================
QUATERNIONS MAIN DONE. [hash string: 1055817114_67969_927_[1000;1000;1000;2.0;float32;1;False;TTTTTTTT], time: 73.84527611732483 s]
