QUATERNIONS MAIN...
HASH STRING: 1339672916_02501_053_[100;200;300;2.0;float32;10;FTTTFTTF]
================================================================================================================================================================================================================
EXPERIMENT INFO:
{
  M: 100,
  N: 200,
  P: 300,
  SEED: 0,
  RANGE: 2.0,
  DTYPE: <class 'numpy.float32'>,
  REPETITIONS: 10,
  QMATMUL_NAIVE_NUMBA_ST: (False, 'qmatmul_naive_numba_st_float32'),
  QMATMUL_NAIVE_NUMBA_PARALLEL: (True, 'qmatmul_naive_numba_parallel_float32'),
  QMATMUL_DIRECT_NUMPY_ST: (True, 'qmatmul_direct_numpy_st'),
  QMATMUL_DIRECT_NUMPY_PARALLEL: (True, 'qmatmul_direct_numpy_parallel'),
  QMATMUL_DIRECT_NUMBA_CUDA: (False, 'qmatmul_direct_numba_cuda_float32'),
  QMATMUL_ALGO_NUMPY_ST: (True, 'qmatmul_algo_numpy_st'),
  QMATMUL_ALGO_NUMPY_PARALLEL: (True, 'qmatmul_algo_numpy_parallel'),
  QMATMUL_ALGO_NUMBA_CUDA: (False, 'qmatmul_algo_numba_cuda_float32')
}
================================================================================================================================================================================================================
CPU AND SYSTEM PROPS:
{
  cpu_name: Intel(R) Core(TM) Ultra 9 285HX,
  ram_size: 125.3 GB,
  os_name: Linux 6.17.0-1020-oem,
  os_version: #20-Ubuntu SMP PREEMPT_DYNAMIC Wed Apr 22 07:30:20 UTC 2026,
  os_machine: x86_64
}
GPU PROPS:
{
  name: NVIDIA RTX PRO 5000 Blackwell Generation Laptop GPU,
  max_threads_per_block: 1024,
  max_block_dim_x: 1024,
  max_block_dim_y: 1024,
  max_block_dim_z: 64,
  max_grid_dim_x: 2147483647,
  max_grid_dim_y: 65535,
  max_grid_dim_z: 65535,
  max_shared_memory_per_block: 49152,
  async_engine_count: 2,
  can_map_host_memory: 1,
  multiprocessor_count: 82,
  warp_size: 32,
  unified_addressing: 1,
  pci_bus_id: 2,
  pci_device_id: 0,
  compute_capability: ComputeCapability(major=12, minor=0),
  cores_per_SM: 128,
  cores_total: 10496
}
================================================================================================================================================================================================================
MEMORY INFO:
A: 0.305 MiB
B: 0.916 MiB
C: 0.46 MiB
================================================================================================================================================================================================================
WARM-UP:
WARM-UP APPROACH 1: QMATMUL_NAIVE_NUMBA_ST OFF.
WARM-UP FOR APPROACH 2: QMATMUL_NAIVE_NUMBA_PARALLEL...
WARM-UP FOR APPROACH 2: QMATMUL_NAIVE_NUMBA_PARALLEL DONE. [time: 0.005906581878662109 s]
WARM-UP FOR APPROACH 3: QMATMUL_DIRECT_NUMPY_ST...
WARM-UP FOR APPROACH 3: QMATMUL_DIRECT_NUMPY_ST DONE. [time: 0.006662845611572266 s]
WARM-UP FOR APPROACH 4: QMATMUL_DIRECT_NUMPY_PARALLEL...
WARM-UP FOR APPROACH 4: QMATMUL_DIRECT_NUMPY_PARALLEL DONE. [time: 0.004110574722290039 s]
WARM-UP APPROACH 5: QMATMUL_DIRECT_NUMBA_CUDA OFF.
WARM-UP FOR APPROACH 6: QMATMUL_ALGO_NUMPY_ST...
WARM-UP FOR APPROACH 6: QMATMUL_ALGO_NUMPY_ST DONE. [time: 0.0011594295501708984 s]
WARM-UP FOR APPROACH 7: QMATMUL_ALGO_NUMPY_PARALLEL...
WARM-UP FOR APPROACH 7: QMATMUL_ALGO_NUMPY_PARALLEL DONE. [time: 0.0003864765167236328 s]
WARM-UP APPROACH 8: QMATMUL_ALGO_NUMBA_CUDA OFF.
================================================================================================================================================================================================================
REPETITION: 1/10:
APPROACH 1: QMATMUL_NAIVE_NUMBA_ST OFF.
APPROACH 2: QMATMUL_NAIVE_NUMBA_PARALLEL...
APPROACH 2: QMATMUL_NAIVE_NUMBA_PARALLEL DONE. [time: 0.034284353256225586 s, all close: True, speed-up vs reference: 1.00, reference]
APPROACH 3: QMATMUL_DIRECT_NUMPY_ST...
APPROACH 3: QMATMUL_DIRECT_NUMPY_ST DONE. [time: 0.003483295440673828 s, all close: True, speed-up vs reference: 9.84]
APPROACH 4: QMATMUL_DIRECT_NUMPY_PARALLEL...
APPROACH 4: QMATMUL_DIRECT_NUMPY_PARALLEL DONE. [time: 0.0009310245513916016 s, all close: True, speed-up vs reference: 36.82]
APPROACH 5: QMATMUL_DIRECT_NUMBA_CUDA OFF.
APPROACH 6: QMATMUL_ALGO_NUMPY_ST...
APPROACH 6: QMATMUL_ALGO_NUMPY_ST DONE. [time: 0.0027914047241210938 s, all close: True, speed-up vs reference: 12.28]
APPROACH 7: QMATMUL_ALGO_NUMPY_PARALLEL...
APPROACH 7: QMATMUL_ALGO_NUMPY_PARALLEL DONE. [time: 0.0008025169372558594 s, all close: True, speed-up vs reference: 42.72]
APPROACH 8: QMATMUL_ALGO_NUMBA_CUDA OFF.
REPETITION: 2/10:
APPROACH 1: QMATMUL_NAIVE_NUMBA_ST OFF.
APPROACH 2: QMATMUL_NAIVE_NUMBA_PARALLEL...
APPROACH 2: QMATMUL_NAIVE_NUMBA_PARALLEL DONE. [time: 0.03601884841918945 s, all close: True, speed-up vs reference: 0.95]
APPROACH 3: QMATMUL_DIRECT_NUMPY_ST...
APPROACH 3: QMATMUL_DIRECT_NUMPY_ST DONE. [time: 0.0028014183044433594 s, all close: True, speed-up vs reference: 12.24]
APPROACH 4: QMATMUL_DIRECT_NUMPY_PARALLEL...
APPROACH 4: QMATMUL_DIRECT_NUMPY_PARALLEL DONE. [time: 0.0016994476318359375 s, all close: True, speed-up vs reference: 20.17]
APPROACH 5: QMATMUL_DIRECT_NUMBA_CUDA OFF.
APPROACH 6: QMATMUL_ALGO_NUMPY_ST...
APPROACH 6: QMATMUL_ALGO_NUMPY_ST DONE. [time: 0.002015352249145508 s, all close: True, speed-up vs reference: 17.01]
APPROACH 7: QMATMUL_ALGO_NUMPY_PARALLEL...
APPROACH 7: QMATMUL_ALGO_NUMPY_PARALLEL DONE. [time: 0.0006299018859863281 s, all close: True, speed-up vs reference: 54.43]
APPROACH 8: QMATMUL_ALGO_NUMBA_CUDA OFF.
REPETITION: 3/10:
APPROACH 1: QMATMUL_NAIVE_NUMBA_ST OFF.
APPROACH 2: QMATMUL_NAIVE_NUMBA_PARALLEL...
APPROACH 2: QMATMUL_NAIVE_NUMBA_PARALLEL DONE. [time: 0.03939557075500488 s, all close: True, speed-up vs reference: 0.87]
APPROACH 3: QMATMUL_DIRECT_NUMPY_ST...
APPROACH 3: QMATMUL_DIRECT_NUMPY_ST DONE. [time: 0.002778291702270508 s, all close: True, speed-up vs reference: 12.34]
APPROACH 4: QMATMUL_DIRECT_NUMPY_PARALLEL...
APPROACH 4: QMATMUL_DIRECT_NUMPY_PARALLEL DONE. [time: 0.020346641540527344 s, all close: True, speed-up vs reference: 1.69]
APPROACH 5: QMATMUL_DIRECT_NUMBA_CUDA OFF.
APPROACH 6: QMATMUL_ALGO_NUMPY_ST...
APPROACH 6: QMATMUL_ALGO_NUMPY_ST DONE. [time: 0.0020220279693603516 s, all close: True, speed-up vs reference: 16.96]
APPROACH 7: QMATMUL_ALGO_NUMPY_PARALLEL...
APPROACH 7: QMATMUL_ALGO_NUMPY_PARALLEL DONE. [time: 0.0009503364562988281 s, all close: True, speed-up vs reference: 36.08]
APPROACH 8: QMATMUL_ALGO_NUMBA_CUDA OFF.
REPETITION: 4/10:
APPROACH 1: QMATMUL_NAIVE_NUMBA_ST OFF.
APPROACH 2: QMATMUL_NAIVE_NUMBA_PARALLEL...
APPROACH 2: QMATMUL_NAIVE_NUMBA_PARALLEL DONE. [time: 0.04895734786987305 s, all close: True, speed-up vs reference: 0.70]
APPROACH 3: QMATMUL_DIRECT_NUMPY_ST...
APPROACH 3: QMATMUL_DIRECT_NUMPY_ST DONE. [time: 0.002822399139404297 s, all close: True, speed-up vs reference: 12.15]
APPROACH 4: QMATMUL_DIRECT_NUMPY_PARALLEL...
APPROACH 4: QMATMUL_DIRECT_NUMPY_PARALLEL DONE. [time: 0.019403934478759766 s, all close: True, speed-up vs reference: 1.77]
APPROACH 5: QMATMUL_DIRECT_NUMBA_CUDA OFF.
APPROACH 6: QMATMUL_ALGO_NUMPY_ST...
APPROACH 6: QMATMUL_ALGO_NUMPY_ST DONE. [time: 0.002215147018432617 s, all close: True, speed-up vs reference: 15.48]
APPROACH 7: QMATMUL_ALGO_NUMPY_PARALLEL...
APPROACH 7: QMATMUL_ALGO_NUMPY_PARALLEL DONE. [time: 0.0036172866821289062 s, all close: True, speed-up vs reference: 9.48]
APPROACH 8: QMATMUL_ALGO_NUMBA_CUDA OFF.
REPETITION: 5/10:
APPROACH 1: QMATMUL_NAIVE_NUMBA_ST OFF.
APPROACH 2: QMATMUL_NAIVE_NUMBA_PARALLEL...
APPROACH 2: QMATMUL_NAIVE_NUMBA_PARALLEL DONE. [time: 0.043462276458740234 s, all close: True, speed-up vs reference: 0.79]
APPROACH 3: QMATMUL_DIRECT_NUMPY_ST...
APPROACH 3: QMATMUL_DIRECT_NUMPY_ST DONE. [time: 0.0028145313262939453 s, all close: True, speed-up vs reference: 12.18]
APPROACH 4: QMATMUL_DIRECT_NUMPY_PARALLEL...
APPROACH 4: QMATMUL_DIRECT_NUMPY_PARALLEL DONE. [time: 0.020667314529418945 s, all close: True, speed-up vs reference: 1.66]
APPROACH 5: QMATMUL_DIRECT_NUMBA_CUDA OFF.
APPROACH 6: QMATMUL_ALGO_NUMPY_ST...
APPROACH 6: QMATMUL_ALGO_NUMPY_ST DONE. [time: 0.0022552013397216797 s, all close: True, speed-up vs reference: 15.20]
APPROACH 7: QMATMUL_ALGO_NUMPY_PARALLEL...
APPROACH 7: QMATMUL_ALGO_NUMPY_PARALLEL DONE. [time: 0.0009093284606933594 s, all close: True, speed-up vs reference: 37.70]
APPROACH 8: QMATMUL_ALGO_NUMBA_CUDA OFF.
REPETITION: 6/10:
APPROACH 1: QMATMUL_NAIVE_NUMBA_ST OFF.
APPROACH 2: QMATMUL_NAIVE_NUMBA_PARALLEL...
APPROACH 2: QMATMUL_NAIVE_NUMBA_PARALLEL DONE. [time: 0.04703497886657715 s, all close: True, speed-up vs reference: 0.73]
APPROACH 3: QMATMUL_DIRECT_NUMPY_ST...
APPROACH 3: QMATMUL_DIRECT_NUMPY_ST DONE. [time: 0.0020079612731933594 s, all close: True, speed-up vs reference: 17.07]
APPROACH 4: QMATMUL_DIRECT_NUMPY_PARALLEL...
APPROACH 4: QMATMUL_DIRECT_NUMPY_PARALLEL DONE. [time: 0.0030465126037597656 s, all close: True, speed-up vs reference: 11.25]
APPROACH 5: QMATMUL_DIRECT_NUMBA_CUDA OFF.
APPROACH 6: QMATMUL_ALGO_NUMPY_ST...
APPROACH 6: QMATMUL_ALGO_NUMPY_ST DONE. [time: 0.0015947818756103516 s, all close: True, speed-up vs reference: 21.50]
APPROACH 7: QMATMUL_ALGO_NUMPY_PARALLEL...
APPROACH 7: QMATMUL_ALGO_NUMPY_PARALLEL DONE. [time: 0.04898858070373535 s, all close: True, speed-up vs reference: 0.70]
APPROACH 8: QMATMUL_ALGO_NUMBA_CUDA OFF.
REPETITION: 7/10:
APPROACH 1: QMATMUL_NAIVE_NUMBA_ST OFF.
APPROACH 2: QMATMUL_NAIVE_NUMBA_PARALLEL...
APPROACH 2: QMATMUL_NAIVE_NUMBA_PARALLEL DONE. [time: 0.05148482322692871 s, all close: True, speed-up vs reference: 0.67]
APPROACH 3: QMATMUL_DIRECT_NUMPY_ST...
APPROACH 3: QMATMUL_DIRECT_NUMPY_ST DONE. [time: 0.0028722286224365234 s, all close: True, speed-up vs reference: 11.94]
APPROACH 4: QMATMUL_DIRECT_NUMPY_PARALLEL...
APPROACH 4: QMATMUL_DIRECT_NUMPY_PARALLEL DONE. [time: 0.017087697982788086 s, all close: True, speed-up vs reference: 2.01]
APPROACH 5: QMATMUL_DIRECT_NUMBA_CUDA OFF.
APPROACH 6: QMATMUL_ALGO_NUMPY_ST...
APPROACH 6: QMATMUL_ALGO_NUMPY_ST DONE. [time: 0.002034902572631836 s, all close: True, speed-up vs reference: 16.85]
APPROACH 7: QMATMUL_ALGO_NUMPY_PARALLEL...
APPROACH 7: QMATMUL_ALGO_NUMPY_PARALLEL DONE. [time: 0.0010216236114501953 s, all close: True, speed-up vs reference: 33.56]
APPROACH 8: QMATMUL_ALGO_NUMBA_CUDA OFF.
REPETITION: 8/10:
APPROACH 1: QMATMUL_NAIVE_NUMBA_ST OFF.
APPROACH 2: QMATMUL_NAIVE_NUMBA_PARALLEL...
APPROACH 2: QMATMUL_NAIVE_NUMBA_PARALLEL DONE. [time: 0.05834484100341797 s, all close: True, speed-up vs reference: 0.59]
APPROACH 3: QMATMUL_DIRECT_NUMPY_ST...
APPROACH 3: QMATMUL_DIRECT_NUMPY_ST DONE. [time: 0.002804994583129883 s, all close: True, speed-up vs reference: 12.22]
APPROACH 4: QMATMUL_DIRECT_NUMPY_PARALLEL...
APPROACH 4: QMATMUL_DIRECT_NUMPY_PARALLEL DONE. [time: 0.0020732879638671875 s, all close: True, speed-up vs reference: 16.54]
APPROACH 5: QMATMUL_DIRECT_NUMBA_CUDA OFF.
APPROACH 6: QMATMUL_ALGO_NUMPY_ST...
APPROACH 6: QMATMUL_ALGO_NUMPY_ST DONE. [time: 0.001968860626220703 s, all close: True, speed-up vs reference: 17.41]
APPROACH 7: QMATMUL_ALGO_NUMPY_PARALLEL...
APPROACH 7: QMATMUL_ALGO_NUMPY_PARALLEL DONE. [time: 0.021671056747436523 s, all close: True, speed-up vs reference: 1.58]
APPROACH 8: QMATMUL_ALGO_NUMBA_CUDA OFF.
REPETITION: 9/10:
APPROACH 1: QMATMUL_NAIVE_NUMBA_ST OFF.
APPROACH 2: QMATMUL_NAIVE_NUMBA_PARALLEL...
APPROACH 2: QMATMUL_NAIVE_NUMBA_PARALLEL DONE. [time: 0.05505847930908203 s, all close: True, speed-up vs reference: 0.62]
APPROACH 3: QMATMUL_DIRECT_NUMPY_ST...
APPROACH 3: QMATMUL_DIRECT_NUMPY_ST DONE. [time: 0.002873659133911133 s, all close: True, speed-up vs reference: 11.93]
APPROACH 4: QMATMUL_DIRECT_NUMPY_PARALLEL...
APPROACH 4: QMATMUL_DIRECT_NUMPY_PARALLEL DONE. [time: 0.0016548633575439453 s, all close: True, speed-up vs reference: 20.72]
APPROACH 5: QMATMUL_DIRECT_NUMBA_CUDA OFF.
APPROACH 6: QMATMUL_ALGO_NUMPY_ST...
APPROACH 6: QMATMUL_ALGO_NUMPY_ST DONE. [time: 0.001999378204345703 s, all close: True, speed-up vs reference: 17.15]
APPROACH 7: QMATMUL_ALGO_NUMPY_PARALLEL...
APPROACH 7: QMATMUL_ALGO_NUMPY_PARALLEL DONE. [time: 0.02162623405456543 s, all close: True, speed-up vs reference: 1.59]
APPROACH 8: QMATMUL_ALGO_NUMBA_CUDA OFF.
REPETITION: 10/10:
APPROACH 1: QMATMUL_NAIVE_NUMBA_ST OFF.
APPROACH 2: QMATMUL_NAIVE_NUMBA_PARALLEL...
APPROACH 2: QMATMUL_NAIVE_NUMBA_PARALLEL DONE. [time: 0.049138784408569336 s, all close: True, speed-up vs reference: 0.70]
APPROACH 3: QMATMUL_DIRECT_NUMPY_ST...
APPROACH 3: QMATMUL_DIRECT_NUMPY_ST DONE. [time: 0.003946542739868164 s, all close: True, speed-up vs reference: 8.69]
APPROACH 4: QMATMUL_DIRECT_NUMPY_PARALLEL...
APPROACH 4: QMATMUL_DIRECT_NUMPY_PARALLEL DONE. [time: 0.0015153884887695312 s, all close: True, speed-up vs reference: 22.62]
APPROACH 5: QMATMUL_DIRECT_NUMBA_CUDA OFF.
APPROACH 6: QMATMUL_ALGO_NUMPY_ST...
APPROACH 6: QMATMUL_ALGO_NUMPY_ST DONE. [time: 0.0024373531341552734 s, all close: True, speed-up vs reference: 14.07]
APPROACH 7: QMATMUL_ALGO_NUMPY_PARALLEL...
APPROACH 7: QMATMUL_ALGO_NUMPY_PARALLEL DONE. [time: 0.000644683837890625 s, all close: True, speed-up vs reference: 53.18]
APPROACH 8: QMATMUL_ALGO_NUMBA_CUDA OFF.
================================================================================================================================================================================================================
SUMMARY:
APPROACH 1: QMATMUL_NAIVE_NUMBA_ST OFF.
APPROACH 2: QMATMUL_NAIVE_NUMBA_PARALLEL (REFERENCE) -> MEAN TIME: 0.04631803035736084 s, TIME STD: 0.0075506976281042035 s, STD_%: 16.3%, SPEED-UP: 1.00
APPROACH 3: QMATMUL_DIRECT_NUMPY_ST -> MEAN TIME: 0.0029205322265625 s, TIME STD: 0.0004770064792417773 s, STD_%: 16.3%, SPEED-UP: 15.86
APPROACH 4: QMATMUL_DIRECT_NUMPY_PARALLEL -> MEAN TIME: 0.00884261131286621 s, TIME STD: 0.008660702772512163 s, STD_%: 97.9%, SPEED-UP: 5.24
APPROACH 5: QMATMUL_DIRECT_NUMBA_CUDA OFF.
APPROACH 6: QMATMUL_ALGO_NUMPY_ST -> MEAN TIME: 0.0021334409713745115 s, TIME STD: 0.00030299523500649833 s, STD_%: 14.2%, SPEED-UP: 21.71
APPROACH 7: QMATMUL_ALGO_NUMPY_PARALLEL -> MEAN TIME: 0.010086154937744141 s, TIME STD: 0.01528796731898395 s, STD_%: 151.6%, SPEED-UP: 4.59
APPROACH 8: QMATMUL_ALGO_NUMBA_CUDA OFF.
================================================================================================================================================================================================================
QUATERNIONS MAIN DONE. [hash string: 1339672916_02501_053_[100;200;300;2.0;float32;10;FTTTFTTF], time: 1.8316407203674316 s]
