QUATERNIONS MAIN...
HASH STRING: 2961147445_96550_053_[1000;1000;1000;2.0;float32;10;FTTTFTTF]
================================================================================================================================================================================================================
EXPERIMENT INFO:
{
  M: 1000,
  N: 1000,
  P: 1000,
  SEED: 0,
  RANGE: 2.0,
  DTYPE: <class 'numpy.float32'>,
  REPETITIONS: 10,
  QMATMUL_NAIVE_NUMBA_ST: (False, 'qmatmul_naive_numba_st_float32'),
  QMATMUL_NAIVE_NUMBA_PARALLEL: (True, 'qmatmul_naive_numba_parallel_float32'),
  QMATMUL_DIRECT_NUMPY_ST: (True, 'qmatmul_direct_numpy_st'),
  QMATMUL_DIRECT_NUMPY_PARALLEL: (True, 'qmatmul_direct_numpy_parallel'),
  QMATMUL_DIRECT_NUMBA_CUDA: (False, 'qmatmul_direct_numba_cuda_float32'),
  QMATMUL_ALGO_NUMPY_ST: (True, 'qmatmul_algo_numpy_st'),
  QMATMUL_ALGO_NUMPY_PARALLEL: (True, 'qmatmul_algo_numpy_parallel'),
  QMATMUL_ALGO_NUMBA_CUDA: (False, 'qmatmul_algo_numba_cuda_float32')
}
================================================================================================================================================================================================================
CPU AND SYSTEM PROPS:
{
  cpu_name: Intel(R) Core(TM) Ultra 9 285HX,
  ram_size: 125.3 GB,
  os_name: Linux 6.17.0-1020-oem,
  os_version: #20-Ubuntu SMP PREEMPT_DYNAMIC Wed Apr 22 07:30:20 UTC 2026,
  os_machine: x86_64
}
GPU PROPS:
{
  name: NVIDIA RTX PRO 5000 Blackwell Generation Laptop GPU,
  max_threads_per_block: 1024,
  max_block_dim_x: 1024,
  max_block_dim_y: 1024,
  max_block_dim_z: 64,
  max_grid_dim_x: 2147483647,
  max_grid_dim_y: 65535,
  max_grid_dim_z: 65535,
  max_shared_memory_per_block: 49152,
  async_engine_count: 2,
  can_map_host_memory: 1,
  multiprocessor_count: 82,
  warp_size: 32,
  unified_addressing: 1,
  pci_bus_id: 2,
  pci_device_id: 0,
  compute_capability: ComputeCapability(major=12, minor=0),
  cores_per_SM: 128,
  cores_total: 10496
}
================================================================================================================================================================================================================
MEMORY INFO:
A: 15.259 MiB
B: 15.259 MiB
C: 15.26 MiB
================================================================================================================================================================================================================
WARM-UP:
WARM-UP APPROACH 1: QMATMUL_NAIVE_NUMBA_ST OFF.
WARM-UP FOR APPROACH 2: QMATMUL_NAIVE_NUMBA_PARALLEL...
WARM-UP FOR APPROACH 2: QMATMUL_NAIVE_NUMBA_PARALLEL DONE. [time: 0.005384922027587891 s]
WARM-UP FOR APPROACH 3: QMATMUL_DIRECT_NUMPY_ST...
WARM-UP FOR APPROACH 3: QMATMUL_DIRECT_NUMPY_ST DONE. [time: 0.006461143493652344 s]
WARM-UP FOR APPROACH 4: QMATMUL_DIRECT_NUMPY_PARALLEL...
WARM-UP FOR APPROACH 4: QMATMUL_DIRECT_NUMPY_PARALLEL DONE. [time: 0.0033707618713378906 s]
WARM-UP APPROACH 5: QMATMUL_DIRECT_NUMBA_CUDA OFF.
WARM-UP FOR APPROACH 6: QMATMUL_ALGO_NUMPY_ST...
WARM-UP FOR APPROACH 6: QMATMUL_ALGO_NUMPY_ST DONE. [time: 0.001214742660522461 s]
WARM-UP FOR APPROACH 7: QMATMUL_ALGO_NUMPY_PARALLEL...
WARM-UP FOR APPROACH 7: QMATMUL_ALGO_NUMPY_PARALLEL DONE. [time: 0.00037741661071777344 s]
WARM-UP APPROACH 8: QMATMUL_ALGO_NUMBA_CUDA OFF.
================================================================================================================================================================================================================
REPETITION: 1/10:
APPROACH 1: QMATMUL_NAIVE_NUMBA_ST OFF.
APPROACH 2: QMATMUL_NAIVE_NUMBA_PARALLEL...
APPROACH 2: QMATMUL_NAIVE_NUMBA_PARALLEL DONE. [time: 1.4572672843933105 s, all close: True, speed-up vs reference: 1.00, reference]
APPROACH 3: QMATMUL_DIRECT_NUMPY_ST...
APPROACH 3: QMATMUL_DIRECT_NUMPY_ST DONE. [time: 0.23794889450073242 s, all close: True, speed-up vs reference: 6.12]
APPROACH 4: QMATMUL_DIRECT_NUMPY_PARALLEL...
APPROACH 4: QMATMUL_DIRECT_NUMPY_PARALLEL DONE. [time: 0.044397592544555664 s, all close: True, speed-up vs reference: 32.82]
APPROACH 5: QMATMUL_DIRECT_NUMBA_CUDA OFF.
APPROACH 6: QMATMUL_ALGO_NUMPY_ST...
APPROACH 6: QMATMUL_ALGO_NUMPY_ST DONE. [time: 0.1515500545501709 s, all close: True, speed-up vs reference: 9.62]
APPROACH 7: QMATMUL_ALGO_NUMPY_PARALLEL...
APPROACH 7: QMATMUL_ALGO_NUMPY_PARALLEL DONE. [time: 0.0397181510925293 s, all close: True, speed-up vs reference: 36.69]
APPROACH 8: QMATMUL_ALGO_NUMBA_CUDA OFF.
REPETITION: 2/10:
APPROACH 1: QMATMUL_NAIVE_NUMBA_ST OFF.
APPROACH 2: QMATMUL_NAIVE_NUMBA_PARALLEL...
APPROACH 2: QMATMUL_NAIVE_NUMBA_PARALLEL DONE. [time: 1.2619314193725586 s, all close: True, speed-up vs reference: 1.15]
APPROACH 3: QMATMUL_DIRECT_NUMPY_ST...
APPROACH 3: QMATMUL_DIRECT_NUMPY_ST DONE. [time: 0.23572444915771484 s, all close: True, speed-up vs reference: 6.18]
APPROACH 4: QMATMUL_DIRECT_NUMPY_PARALLEL...
APPROACH 4: QMATMUL_DIRECT_NUMPY_PARALLEL DONE. [time: 0.043900251388549805 s, all close: True, speed-up vs reference: 33.19]
APPROACH 5: QMATMUL_DIRECT_NUMBA_CUDA OFF.
APPROACH 6: QMATMUL_ALGO_NUMPY_ST...
APPROACH 6: QMATMUL_ALGO_NUMPY_ST DONE. [time: 0.15117835998535156 s, all close: True, speed-up vs reference: 9.64]
APPROACH 7: QMATMUL_ALGO_NUMPY_PARALLEL...
APPROACH 7: QMATMUL_ALGO_NUMPY_PARALLEL DONE. [time: 0.04124569892883301 s, all close: True, speed-up vs reference: 35.33]
APPROACH 8: QMATMUL_ALGO_NUMBA_CUDA OFF.
REPETITION: 3/10:
APPROACH 1: QMATMUL_NAIVE_NUMBA_ST OFF.
APPROACH 2: QMATMUL_NAIVE_NUMBA_PARALLEL...
APPROACH 2: QMATMUL_NAIVE_NUMBA_PARALLEL DONE. [time: 1.6843197345733643 s, all close: True, speed-up vs reference: 0.87]
APPROACH 3: QMATMUL_DIRECT_NUMPY_ST...
APPROACH 3: QMATMUL_DIRECT_NUMPY_ST DONE. [time: 0.23702311515808105 s, all close: True, speed-up vs reference: 6.15]
APPROACH 4: QMATMUL_DIRECT_NUMPY_PARALLEL...
APPROACH 4: QMATMUL_DIRECT_NUMPY_PARALLEL DONE. [time: 0.04378032684326172 s, all close: True, speed-up vs reference: 33.29]
APPROACH 5: QMATMUL_DIRECT_NUMBA_CUDA OFF.
APPROACH 6: QMATMUL_ALGO_NUMPY_ST...
APPROACH 6: QMATMUL_ALGO_NUMPY_ST DONE. [time: 0.15221834182739258 s, all close: True, speed-up vs reference: 9.57]
APPROACH 7: QMATMUL_ALGO_NUMPY_PARALLEL...
APPROACH 7: QMATMUL_ALGO_NUMPY_PARALLEL DONE. [time: 0.03970837593078613 s, all close: True, speed-up vs reference: 36.70]
APPROACH 8: QMATMUL_ALGO_NUMBA_CUDA OFF.
REPETITION: 4/10:
APPROACH 1: QMATMUL_NAIVE_NUMBA_ST OFF.
APPROACH 2: QMATMUL_NAIVE_NUMBA_PARALLEL...
APPROACH 2: QMATMUL_NAIVE_NUMBA_PARALLEL DONE. [time: 1.290156602859497 s, all close: True, speed-up vs reference: 1.13]
APPROACH 3: QMATMUL_DIRECT_NUMPY_ST...
APPROACH 3: QMATMUL_DIRECT_NUMPY_ST DONE. [time: 0.2366924285888672 s, all close: True, speed-up vs reference: 6.16]
APPROACH 4: QMATMUL_DIRECT_NUMPY_PARALLEL...
APPROACH 4: QMATMUL_DIRECT_NUMPY_PARALLEL DONE. [time: 0.04756307601928711 s, all close: True, speed-up vs reference: 30.64]
APPROACH 5: QMATMUL_DIRECT_NUMBA_CUDA OFF.
APPROACH 6: QMATMUL_ALGO_NUMPY_ST...
APPROACH 6: QMATMUL_ALGO_NUMPY_ST DONE. [time: 0.15181970596313477 s, all close: True, speed-up vs reference: 9.60]
APPROACH 7: QMATMUL_ALGO_NUMPY_PARALLEL...
APPROACH 7: QMATMUL_ALGO_NUMPY_PARALLEL DONE. [time: 0.04137063026428223 s, all close: True, speed-up vs reference: 35.22]
APPROACH 8: QMATMUL_ALGO_NUMBA_CUDA OFF.
REPETITION: 5/10:
APPROACH 1: QMATMUL_NAIVE_NUMBA_ST OFF.
APPROACH 2: QMATMUL_NAIVE_NUMBA_PARALLEL...
APPROACH 2: QMATMUL_NAIVE_NUMBA_PARALLEL DONE. [time: 1.433000087738037 s, all close: True, speed-up vs reference: 1.02]
APPROACH 3: QMATMUL_DIRECT_NUMPY_ST...
APPROACH 3: QMATMUL_DIRECT_NUMPY_ST DONE. [time: 0.23627877235412598 s, all close: True, speed-up vs reference: 6.17]
APPROACH 4: QMATMUL_DIRECT_NUMPY_PARALLEL...
APPROACH 4: QMATMUL_DIRECT_NUMPY_PARALLEL DONE. [time: 0.04242873191833496 s, all close: True, speed-up vs reference: 34.35]
APPROACH 5: QMATMUL_DIRECT_NUMBA_CUDA OFF.
APPROACH 6: QMATMUL_ALGO_NUMPY_ST...
APPROACH 6: QMATMUL_ALGO_NUMPY_ST DONE. [time: 0.15137600898742676 s, all close: True, speed-up vs reference: 9.63]
APPROACH 7: QMATMUL_ALGO_NUMPY_PARALLEL...
APPROACH 7: QMATMUL_ALGO_NUMPY_PARALLEL DONE. [time: 0.24091172218322754 s, all close: True, speed-up vs reference: 6.05]
APPROACH 8: QMATMUL_ALGO_NUMBA_CUDA OFF.
REPETITION: 6/10:
APPROACH 1: QMATMUL_NAIVE_NUMBA_ST OFF.
APPROACH 2: QMATMUL_NAIVE_NUMBA_PARALLEL...
APPROACH 2: QMATMUL_NAIVE_NUMBA_PARALLEL DONE. [time: 1.307204246520996 s, all close: True, speed-up vs reference: 1.11]
APPROACH 3: QMATMUL_DIRECT_NUMPY_ST...
APPROACH 3: QMATMUL_DIRECT_NUMPY_ST DONE. [time: 0.238236665725708 s, all close: True, speed-up vs reference: 6.12]
APPROACH 4: QMATMUL_DIRECT_NUMPY_PARALLEL...
APPROACH 4: QMATMUL_DIRECT_NUMPY_PARALLEL DONE. [time: 0.04773712158203125 s, all close: True, speed-up vs reference: 30.53]
APPROACH 5: QMATMUL_DIRECT_NUMBA_CUDA OFF.
APPROACH 6: QMATMUL_ALGO_NUMPY_ST...
APPROACH 6: QMATMUL_ALGO_NUMPY_ST DONE. [time: 0.15282249450683594 s, all close: True, speed-up vs reference: 9.54]
APPROACH 7: QMATMUL_ALGO_NUMPY_PARALLEL...
APPROACH 7: QMATMUL_ALGO_NUMPY_PARALLEL DONE. [time: 0.040296316146850586 s, all close: True, speed-up vs reference: 36.16]
APPROACH 8: QMATMUL_ALGO_NUMBA_CUDA OFF.
REPETITION: 7/10:
APPROACH 1: QMATMUL_NAIVE_NUMBA_ST OFF.
APPROACH 2: QMATMUL_NAIVE_NUMBA_PARALLEL...
APPROACH 2: QMATMUL_NAIVE_NUMBA_PARALLEL DONE. [time: 1.2738885879516602 s, all close: True, speed-up vs reference: 1.14]
APPROACH 3: QMATMUL_DIRECT_NUMPY_ST...
APPROACH 3: QMATMUL_DIRECT_NUMPY_ST DONE. [time: 0.2368946075439453 s, all close: True, speed-up vs reference: 6.15]
APPROACH 4: QMATMUL_DIRECT_NUMPY_PARALLEL...
APPROACH 4: QMATMUL_DIRECT_NUMPY_PARALLEL DONE. [time: 0.04925036430358887 s, all close: True, speed-up vs reference: 29.59]
APPROACH 5: QMATMUL_DIRECT_NUMBA_CUDA OFF.
APPROACH 6: QMATMUL_ALGO_NUMPY_ST...
APPROACH 6: QMATMUL_ALGO_NUMPY_ST DONE. [time: 0.15162181854248047 s, all close: True, speed-up vs reference: 9.61]
APPROACH 7: QMATMUL_ALGO_NUMPY_PARALLEL...
APPROACH 7: QMATMUL_ALGO_NUMPY_PARALLEL DONE. [time: 0.0400242805480957 s, all close: True, speed-up vs reference: 36.41]
APPROACH 8: QMATMUL_ALGO_NUMBA_CUDA OFF.
REPETITION: 8/10:
APPROACH 1: QMATMUL_NAIVE_NUMBA_ST OFF.
APPROACH 2: QMATMUL_NAIVE_NUMBA_PARALLEL...
APPROACH 2: QMATMUL_NAIVE_NUMBA_PARALLEL DONE. [time: 1.4955480098724365 s, all close: True, speed-up vs reference: 0.97]
APPROACH 3: QMATMUL_DIRECT_NUMPY_ST...
APPROACH 3: QMATMUL_DIRECT_NUMPY_ST DONE. [time: 0.23657965660095215 s, all close: True, speed-up vs reference: 6.16]
APPROACH 4: QMATMUL_DIRECT_NUMPY_PARALLEL...
APPROACH 4: QMATMUL_DIRECT_NUMPY_PARALLEL DONE. [time: 0.04385089874267578 s, all close: True, speed-up vs reference: 33.23]
APPROACH 5: QMATMUL_DIRECT_NUMBA_CUDA OFF.
APPROACH 6: QMATMUL_ALGO_NUMPY_ST...
APPROACH 6: QMATMUL_ALGO_NUMPY_ST DONE. [time: 0.1526508331298828 s, all close: True, speed-up vs reference: 9.55]
APPROACH 7: QMATMUL_ALGO_NUMPY_PARALLEL...
APPROACH 7: QMATMUL_ALGO_NUMPY_PARALLEL DONE. [time: 0.06698799133300781 s, all close: True, speed-up vs reference: 21.75]
APPROACH 8: QMATMUL_ALGO_NUMBA_CUDA OFF.
REPETITION: 9/10:
APPROACH 1: QMATMUL_NAIVE_NUMBA_ST OFF.
APPROACH 2: QMATMUL_NAIVE_NUMBA_PARALLEL...
APPROACH 2: QMATMUL_NAIVE_NUMBA_PARALLEL DONE. [time: 1.2776448726654053 s, all close: True, speed-up vs reference: 1.14]
APPROACH 3: QMATMUL_DIRECT_NUMPY_ST...
APPROACH 3: QMATMUL_DIRECT_NUMPY_ST DONE. [time: 0.2373063564300537 s, all close: True, speed-up vs reference: 6.14]
APPROACH 4: QMATMUL_DIRECT_NUMPY_PARALLEL...
APPROACH 4: QMATMUL_DIRECT_NUMPY_PARALLEL DONE. [time: 0.045830488204956055 s, all close: True, speed-up vs reference: 31.80]
APPROACH 5: QMATMUL_DIRECT_NUMBA_CUDA OFF.
APPROACH 6: QMATMUL_ALGO_NUMPY_ST...
APPROACH 6: QMATMUL_ALGO_NUMPY_ST DONE. [time: 0.15251898765563965 s, all close: True, speed-up vs reference: 9.55]
APPROACH 7: QMATMUL_ALGO_NUMPY_PARALLEL...
APPROACH 7: QMATMUL_ALGO_NUMPY_PARALLEL DONE. [time: 0.03937363624572754 s, all close: True, speed-up vs reference: 37.01]
APPROACH 8: QMATMUL_ALGO_NUMBA_CUDA OFF.
REPETITION: 10/10:
APPROACH 1: QMATMUL_NAIVE_NUMBA_ST OFF.
APPROACH 2: QMATMUL_NAIVE_NUMBA_PARALLEL...
APPROACH 2: QMATMUL_NAIVE_NUMBA_PARALLEL DONE. [time: 1.4980814456939697 s, all close: True, speed-up vs reference: 0.97]
APPROACH 3: QMATMUL_DIRECT_NUMPY_ST...
APPROACH 3: QMATMUL_DIRECT_NUMPY_ST DONE. [time: 0.23983120918273926 s, all close: True, speed-up vs reference: 6.08]
APPROACH 4: QMATMUL_DIRECT_NUMPY_PARALLEL...
APPROACH 4: QMATMUL_DIRECT_NUMPY_PARALLEL DONE. [time: 0.04375815391540527 s, all close: True, speed-up vs reference: 33.30]
APPROACH 5: QMATMUL_DIRECT_NUMBA_CUDA OFF.
APPROACH 6: QMATMUL_ALGO_NUMPY_ST...
APPROACH 6: QMATMUL_ALGO_NUMPY_ST DONE. [time: 0.15331411361694336 s, all close: True, speed-up vs reference: 9.51]
APPROACH 7: QMATMUL_ALGO_NUMPY_PARALLEL...
APPROACH 7: QMATMUL_ALGO_NUMPY_PARALLEL DONE. [time: 0.03893756866455078 s, all close: True, speed-up vs reference: 37.43]
APPROACH 8: QMATMUL_ALGO_NUMBA_CUDA OFF.
================================================================================================================================================================================================================
SUMMARY:
APPROACH 1: QMATMUL_NAIVE_NUMBA_ST OFF.
APPROACH 2: QMATMUL_NAIVE_NUMBA_PARALLEL (REFERENCE) -> MEAN TIME: 1.3979042291641235 s, TIME STD: 0.13210834602547927 s, STD_%: 9.5%, SPEED-UP: 1.00
APPROACH 3: QMATMUL_DIRECT_NUMPY_ST -> MEAN TIME: 0.237251615524292 s, TIME STD: 0.0011106920708954032 s, STD_%: 0.5%, SPEED-UP: 5.89
APPROACH 4: QMATMUL_DIRECT_NUMPY_PARALLEL -> MEAN TIME: 0.04524970054626465 s, TIME STD: 0.002114875322198382 s, STD_%: 4.7%, SPEED-UP: 30.89
APPROACH 5: QMATMUL_DIRECT_NUMBA_CUDA OFF.
APPROACH 6: QMATMUL_ALGO_NUMPY_ST -> MEAN TIME: 0.1521070718765259 s, TIME STD: 0.0006687143042913307 s, STD_%: 0.4%, SPEED-UP: 9.19
APPROACH 7: QMATMUL_ALGO_NUMPY_PARALLEL -> MEAN TIME: 0.06285743713378907 s, TIME STD: 0.05989528514400435 s, STD_%: 95.3%, SPEED-UP: 22.24
APPROACH 8: QMATMUL_ALGO_NUMBA_CUDA OFF.
================================================================================================================================================================================================================
QUATERNIONS MAIN DONE. [hash string: 2961147445_96550_053_[1000;1000;1000;2.0;float32;10;FTTTFTTF], time: 20.539394855499268 s]
