QUATERNIONS MAIN...
HASH STRING: 3516465430_22951_053_[1000;3000;2000;2.0;float32;10;FTTTFTTF]
================================================================================================================================================================================================================
EXPERIMENT INFO:
{
  M: 1000,
  N: 3000,
  P: 2000,
  SEED: 0,
  RANGE: 2.0,
  DTYPE: <class 'numpy.float32'>,
  REPETITIONS: 10,
  QMATMUL_NAIVE_NUMBA_ST: (False, 'qmatmul_naive_numba_st_float32'),
  QMATMUL_NAIVE_NUMBA_PARALLEL: (True, 'qmatmul_naive_numba_parallel_float32'),
  QMATMUL_DIRECT_NUMPY_ST: (True, 'qmatmul_direct_numpy_st'),
  QMATMUL_DIRECT_NUMPY_PARALLEL: (True, 'qmatmul_direct_numpy_parallel'),
  QMATMUL_DIRECT_NUMBA_CUDA: (False, 'qmatmul_direct_numba_cuda_float32'),
  QMATMUL_ALGO_NUMPY_ST: (True, 'qmatmul_algo_numpy_st'),
  QMATMUL_ALGO_NUMPY_PARALLEL: (True, 'qmatmul_algo_numpy_parallel'),
  QMATMUL_ALGO_NUMBA_CUDA: (False, 'qmatmul_algo_numba_cuda_float32')
}
================================================================================================================================================================================================================
CPU AND SYSTEM PROPS:
{
  cpu_name: Intel(R) Core(TM) Ultra 9 285HX,
  ram_size: 125.3 GB,
  os_name: Linux 6.17.0-1020-oem,
  os_version: #20-Ubuntu SMP PREEMPT_DYNAMIC Wed Apr 22 07:30:20 UTC 2026,
  os_machine: x86_64
}
GPU PROPS:
{
  name: NVIDIA RTX PRO 5000 Blackwell Generation Laptop GPU,
  max_threads_per_block: 1024,
  max_block_dim_x: 1024,
  max_block_dim_y: 1024,
  max_block_dim_z: 64,
  max_grid_dim_x: 2147483647,
  max_grid_dim_y: 65535,
  max_grid_dim_z: 65535,
  max_shared_memory_per_block: 49152,
  async_engine_count: 2,
  can_map_host_memory: 1,
  multiprocessor_count: 82,
  warp_size: 32,
  unified_addressing: 1,
  pci_bus_id: 2,
  pci_device_id: 0,
  compute_capability: ComputeCapability(major=12, minor=0),
  cores_per_SM: 128,
  cores_total: 10496
}
================================================================================================================================================================================================================
MEMORY INFO:
A: 45.776 MiB
B: 91.553 MiB
C: 30.52 MiB
================================================================================================================================================================================================================
WARM-UP:
WARM-UP APPROACH 1: QMATMUL_NAIVE_NUMBA_ST OFF.
WARM-UP FOR APPROACH 2: QMATMUL_NAIVE_NUMBA_PARALLEL...
WARM-UP FOR APPROACH 2: QMATMUL_NAIVE_NUMBA_PARALLEL DONE. [time: 0.006358146667480469 s]
WARM-UP FOR APPROACH 3: QMATMUL_DIRECT_NUMPY_ST...
WARM-UP FOR APPROACH 3: QMATMUL_DIRECT_NUMPY_ST DONE. [time: 0.005635261535644531 s]
WARM-UP FOR APPROACH 4: QMATMUL_DIRECT_NUMPY_PARALLEL...
WARM-UP FOR APPROACH 4: QMATMUL_DIRECT_NUMPY_PARALLEL DONE. [time: 0.0034399032592773438 s]
WARM-UP APPROACH 5: QMATMUL_DIRECT_NUMBA_CUDA OFF.
WARM-UP FOR APPROACH 6: QMATMUL_ALGO_NUMPY_ST...
WARM-UP FOR APPROACH 6: QMATMUL_ALGO_NUMPY_ST DONE. [time: 0.0007898807525634766 s]
WARM-UP FOR APPROACH 7: QMATMUL_ALGO_NUMPY_PARALLEL...
WARM-UP FOR APPROACH 7: QMATMUL_ALGO_NUMPY_PARALLEL DONE. [time: 0.00029397010803222656 s]
WARM-UP APPROACH 8: QMATMUL_ALGO_NUMBA_CUDA OFF.
================================================================================================================================================================================================================
REPETITION: 1/10:
APPROACH 1: QMATMUL_NAIVE_NUMBA_ST OFF.
APPROACH 2: QMATMUL_NAIVE_NUMBA_PARALLEL...
APPROACH 2: QMATMUL_NAIVE_NUMBA_PARALLEL DONE. [time: 7.295952796936035 s, all close: True, speed-up vs reference: 1.00, reference]
APPROACH 3: QMATMUL_DIRECT_NUMPY_ST...
APPROACH 3: QMATMUL_DIRECT_NUMPY_ST DONE. [time: 1.3513178825378418 s, all close: True, speed-up vs reference: 5.40]
APPROACH 4: QMATMUL_DIRECT_NUMPY_PARALLEL...
APPROACH 4: QMATMUL_DIRECT_NUMPY_PARALLEL DONE. [time: 0.19858407974243164 s, all close: True, speed-up vs reference: 36.74]
APPROACH 5: QMATMUL_DIRECT_NUMBA_CUDA OFF.
APPROACH 6: QMATMUL_ALGO_NUMPY_ST...
APPROACH 6: QMATMUL_ALGO_NUMPY_ST DONE. [time: 0.7721445560455322 s, all close: True, speed-up vs reference: 9.45]
APPROACH 7: QMATMUL_ALGO_NUMPY_PARALLEL...
APPROACH 7: QMATMUL_ALGO_NUMPY_PARALLEL DONE. [time: 0.17943882942199707 s, all close: True, speed-up vs reference: 40.66]
APPROACH 8: QMATMUL_ALGO_NUMBA_CUDA OFF.
REPETITION: 2/10:
APPROACH 1: QMATMUL_NAIVE_NUMBA_ST OFF.
APPROACH 2: QMATMUL_NAIVE_NUMBA_PARALLEL...
APPROACH 2: QMATMUL_NAIVE_NUMBA_PARALLEL DONE. [time: 7.507931470870972 s, all close: True, speed-up vs reference: 0.97]
APPROACH 3: QMATMUL_DIRECT_NUMPY_ST...
APPROACH 3: QMATMUL_DIRECT_NUMPY_ST DONE. [time: 1.372452974319458 s, all close: True, speed-up vs reference: 5.32]
APPROACH 4: QMATMUL_DIRECT_NUMPY_PARALLEL...
APPROACH 4: QMATMUL_DIRECT_NUMPY_PARALLEL DONE. [time: 0.19835257530212402 s, all close: True, speed-up vs reference: 36.78]
APPROACH 5: QMATMUL_DIRECT_NUMBA_CUDA OFF.
APPROACH 6: QMATMUL_ALGO_NUMPY_ST...
APPROACH 6: QMATMUL_ALGO_NUMPY_ST DONE. [time: 0.7880120277404785 s, all close: True, speed-up vs reference: 9.26]
APPROACH 7: QMATMUL_ALGO_NUMPY_PARALLEL...
APPROACH 7: QMATMUL_ALGO_NUMPY_PARALLEL DONE. [time: 0.19770240783691406 s, all close: True, speed-up vs reference: 36.90]
APPROACH 8: QMATMUL_ALGO_NUMBA_CUDA OFF.
REPETITION: 3/10:
APPROACH 1: QMATMUL_NAIVE_NUMBA_ST OFF.
APPROACH 2: QMATMUL_NAIVE_NUMBA_PARALLEL...
APPROACH 2: QMATMUL_NAIVE_NUMBA_PARALLEL DONE. [time: 7.604513168334961 s, all close: True, speed-up vs reference: 0.96]
APPROACH 3: QMATMUL_DIRECT_NUMPY_ST...
APPROACH 3: QMATMUL_DIRECT_NUMPY_ST DONE. [time: 1.3560819625854492 s, all close: True, speed-up vs reference: 5.38]
APPROACH 4: QMATMUL_DIRECT_NUMPY_PARALLEL...
APPROACH 4: QMATMUL_DIRECT_NUMPY_PARALLEL DONE. [time: 0.19467425346374512 s, all close: True, speed-up vs reference: 37.48]
APPROACH 5: QMATMUL_DIRECT_NUMBA_CUDA OFF.
APPROACH 6: QMATMUL_ALGO_NUMPY_ST...
APPROACH 6: QMATMUL_ALGO_NUMPY_ST DONE. [time: 0.7771108150482178 s, all close: True, speed-up vs reference: 9.39]
APPROACH 7: QMATMUL_ALGO_NUMPY_PARALLEL...
APPROACH 7: QMATMUL_ALGO_NUMPY_PARALLEL DONE. [time: 0.1895456314086914 s, all close: True, speed-up vs reference: 38.49]
APPROACH 8: QMATMUL_ALGO_NUMBA_CUDA OFF.
REPETITION: 4/10:
APPROACH 1: QMATMUL_NAIVE_NUMBA_ST OFF.
APPROACH 2: QMATMUL_NAIVE_NUMBA_PARALLEL...
APPROACH 2: QMATMUL_NAIVE_NUMBA_PARALLEL DONE. [time: 7.487494230270386 s, all close: True, speed-up vs reference: 0.97]
APPROACH 3: QMATMUL_DIRECT_NUMPY_ST...
APPROACH 3: QMATMUL_DIRECT_NUMPY_ST DONE. [time: 1.3922510147094727 s, all close: True, speed-up vs reference: 5.24]
APPROACH 4: QMATMUL_DIRECT_NUMPY_PARALLEL...
APPROACH 4: QMATMUL_DIRECT_NUMPY_PARALLEL DONE. [time: 0.1942286491394043 s, all close: True, speed-up vs reference: 37.56]
APPROACH 5: QMATMUL_DIRECT_NUMBA_CUDA OFF.
APPROACH 6: QMATMUL_ALGO_NUMPY_ST...
APPROACH 6: QMATMUL_ALGO_NUMPY_ST DONE. [time: 0.7910187244415283 s, all close: True, speed-up vs reference: 9.22]
APPROACH 7: QMATMUL_ALGO_NUMPY_PARALLEL...
APPROACH 7: QMATMUL_ALGO_NUMPY_PARALLEL DONE. [time: 0.19246888160705566 s, all close: True, speed-up vs reference: 37.91]
APPROACH 8: QMATMUL_ALGO_NUMBA_CUDA OFF.
REPETITION: 5/10:
APPROACH 1: QMATMUL_NAIVE_NUMBA_ST OFF.
APPROACH 2: QMATMUL_NAIVE_NUMBA_PARALLEL...
APPROACH 2: QMATMUL_NAIVE_NUMBA_PARALLEL DONE. [time: 7.590130567550659 s, all close: True, speed-up vs reference: 0.96]
APPROACH 3: QMATMUL_DIRECT_NUMPY_ST...
APPROACH 3: QMATMUL_DIRECT_NUMPY_ST DONE. [time: 1.3922357559204102 s, all close: True, speed-up vs reference: 5.24]
APPROACH 4: QMATMUL_DIRECT_NUMPY_PARALLEL...
APPROACH 4: QMATMUL_DIRECT_NUMPY_PARALLEL DONE. [time: 0.29880237579345703 s, all close: True, speed-up vs reference: 24.42]
APPROACH 5: QMATMUL_DIRECT_NUMBA_CUDA OFF.
APPROACH 6: QMATMUL_ALGO_NUMPY_ST...
APPROACH 6: QMATMUL_ALGO_NUMPY_ST DONE. [time: 0.7973248958587646 s, all close: True, speed-up vs reference: 9.15]
APPROACH 7: QMATMUL_ALGO_NUMPY_PARALLEL...
APPROACH 7: QMATMUL_ALGO_NUMPY_PARALLEL DONE. [time: 0.1972343921661377 s, all close: True, speed-up vs reference: 36.99]
APPROACH 8: QMATMUL_ALGO_NUMBA_CUDA OFF.
REPETITION: 6/10:
APPROACH 1: QMATMUL_NAIVE_NUMBA_ST OFF.
APPROACH 2: QMATMUL_NAIVE_NUMBA_PARALLEL...
APPROACH 2: QMATMUL_NAIVE_NUMBA_PARALLEL DONE. [time: 7.435633182525635 s, all close: True, speed-up vs reference: 0.98]
APPROACH 3: QMATMUL_DIRECT_NUMPY_ST...
APPROACH 3: QMATMUL_DIRECT_NUMPY_ST DONE. [time: 1.3638215065002441 s, all close: True, speed-up vs reference: 5.35]
APPROACH 4: QMATMUL_DIRECT_NUMPY_PARALLEL...
APPROACH 4: QMATMUL_DIRECT_NUMPY_PARALLEL DONE. [time: 0.2846336364746094 s, all close: True, speed-up vs reference: 25.63]
APPROACH 5: QMATMUL_DIRECT_NUMBA_CUDA OFF.
APPROACH 6: QMATMUL_ALGO_NUMPY_ST...
APPROACH 6: QMATMUL_ALGO_NUMPY_ST DONE. [time: 0.7831826210021973 s, all close: True, speed-up vs reference: 9.32]
APPROACH 7: QMATMUL_ALGO_NUMPY_PARALLEL...
APPROACH 7: QMATMUL_ALGO_NUMPY_PARALLEL DONE. [time: 0.19506597518920898 s, all close: True, speed-up vs reference: 37.40]
APPROACH 8: QMATMUL_ALGO_NUMBA_CUDA OFF.
REPETITION: 7/10:
APPROACH 1: QMATMUL_NAIVE_NUMBA_ST OFF.
APPROACH 2: QMATMUL_NAIVE_NUMBA_PARALLEL...
APPROACH 2: QMATMUL_NAIVE_NUMBA_PARALLEL DONE. [time: 7.593207359313965 s, all close: True, speed-up vs reference: 0.96]
APPROACH 3: QMATMUL_DIRECT_NUMPY_ST...
APPROACH 3: QMATMUL_DIRECT_NUMPY_ST DONE. [time: 1.3681957721710205 s, all close: True, speed-up vs reference: 5.33]
APPROACH 4: QMATMUL_DIRECT_NUMPY_PARALLEL...
APPROACH 4: QMATMUL_DIRECT_NUMPY_PARALLEL DONE. [time: 0.2024691104888916 s, all close: True, speed-up vs reference: 36.03]
APPROACH 5: QMATMUL_DIRECT_NUMBA_CUDA OFF.
APPROACH 6: QMATMUL_ALGO_NUMPY_ST...
APPROACH 6: QMATMUL_ALGO_NUMPY_ST DONE. [time: 0.7814133167266846 s, all close: True, speed-up vs reference: 9.34]
APPROACH 7: QMATMUL_ALGO_NUMPY_PARALLEL...
APPROACH 7: QMATMUL_ALGO_NUMPY_PARALLEL DONE. [time: 0.1924152374267578 s, all close: True, speed-up vs reference: 37.92]
APPROACH 8: QMATMUL_ALGO_NUMBA_CUDA OFF.
REPETITION: 8/10:
APPROACH 1: QMATMUL_NAIVE_NUMBA_ST OFF.
APPROACH 2: QMATMUL_NAIVE_NUMBA_PARALLEL...
APPROACH 2: QMATMUL_NAIVE_NUMBA_PARALLEL DONE. [time: 8.304240703582764 s, all close: True, speed-up vs reference: 0.88]
APPROACH 3: QMATMUL_DIRECT_NUMPY_ST...
APPROACH 3: QMATMUL_DIRECT_NUMPY_ST DONE. [time: 1.4007296562194824 s, all close: True, speed-up vs reference: 5.21]
APPROACH 4: QMATMUL_DIRECT_NUMPY_PARALLEL...
APPROACH 4: QMATMUL_DIRECT_NUMPY_PARALLEL DONE. [time: 0.20151996612548828 s, all close: True, speed-up vs reference: 36.20]
APPROACH 5: QMATMUL_DIRECT_NUMBA_CUDA OFF.
APPROACH 6: QMATMUL_ALGO_NUMPY_ST...
APPROACH 6: QMATMUL_ALGO_NUMPY_ST DONE. [time: 0.7953989505767822 s, all close: True, speed-up vs reference: 9.17]
APPROACH 7: QMATMUL_ALGO_NUMPY_PARALLEL...
APPROACH 7: QMATMUL_ALGO_NUMPY_PARALLEL DONE. [time: 0.20795679092407227 s, all close: True, speed-up vs reference: 35.08]
APPROACH 8: QMATMUL_ALGO_NUMBA_CUDA OFF.
REPETITION: 9/10:
APPROACH 1: QMATMUL_NAIVE_NUMBA_ST OFF.
APPROACH 2: QMATMUL_NAIVE_NUMBA_PARALLEL...
APPROACH 2: QMATMUL_NAIVE_NUMBA_PARALLEL DONE. [time: 8.012794256210327 s, all close: True, speed-up vs reference: 0.91]
APPROACH 3: QMATMUL_DIRECT_NUMPY_ST...
APPROACH 3: QMATMUL_DIRECT_NUMPY_ST DONE. [time: 1.3915362358093262 s, all close: True, speed-up vs reference: 5.24]
APPROACH 4: QMATMUL_DIRECT_NUMPY_PARALLEL...
APPROACH 4: QMATMUL_DIRECT_NUMPY_PARALLEL DONE. [time: 0.19649791717529297 s, all close: True, speed-up vs reference: 37.13]
APPROACH 5: QMATMUL_DIRECT_NUMBA_CUDA OFF.
APPROACH 6: QMATMUL_ALGO_NUMPY_ST...
APPROACH 6: QMATMUL_ALGO_NUMPY_ST DONE. [time: 0.7912533283233643 s, all close: True, speed-up vs reference: 9.22]
APPROACH 7: QMATMUL_ALGO_NUMPY_PARALLEL...
APPROACH 7: QMATMUL_ALGO_NUMPY_PARALLEL DONE. [time: 0.20206546783447266 s, all close: True, speed-up vs reference: 36.11]
APPROACH 8: QMATMUL_ALGO_NUMBA_CUDA OFF.
REPETITION: 10/10:
APPROACH 1: QMATMUL_NAIVE_NUMBA_ST OFF.
APPROACH 2: QMATMUL_NAIVE_NUMBA_PARALLEL...
APPROACH 2: QMATMUL_NAIVE_NUMBA_PARALLEL DONE. [time: 8.105036735534668 s, all close: True, speed-up vs reference: 0.90]
APPROACH 3: QMATMUL_DIRECT_NUMPY_ST...
APPROACH 3: QMATMUL_DIRECT_NUMPY_ST DONE. [time: 1.395003318786621 s, all close: True, speed-up vs reference: 5.23]
APPROACH 4: QMATMUL_DIRECT_NUMPY_PARALLEL...
APPROACH 4: QMATMUL_DIRECT_NUMPY_PARALLEL DONE. [time: 0.22240185737609863 s, all close: True, speed-up vs reference: 32.81]
APPROACH 5: QMATMUL_DIRECT_NUMBA_CUDA OFF.
APPROACH 6: QMATMUL_ALGO_NUMPY_ST...
APPROACH 6: QMATMUL_ALGO_NUMPY_ST DONE. [time: 0.7999944686889648 s, all close: True, speed-up vs reference: 9.12]
APPROACH 7: QMATMUL_ALGO_NUMPY_PARALLEL...
APPROACH 7: QMATMUL_ALGO_NUMPY_PARALLEL DONE. [time: 0.2027735710144043 s, all close: True, speed-up vs reference: 35.98]
APPROACH 8: QMATMUL_ALGO_NUMBA_CUDA OFF.
================================================================================================================================================================================================================
SUMMARY:
APPROACH 1: QMATMUL_NAIVE_NUMBA_ST OFF.
APPROACH 2: QMATMUL_NAIVE_NUMBA_PARALLEL (REFERENCE) -> MEAN TIME: 7.693693447113037 s, TIME STD: 0.31215233131792414 s, STD_%: 4.1%, SPEED-UP: 1.00
APPROACH 3: QMATMUL_DIRECT_NUMPY_ST -> MEAN TIME: 1.3783626079559326 s, TIME STD: 0.017069478417909692 s, STD_%: 1.2%, SPEED-UP: 5.58
APPROACH 4: QMATMUL_DIRECT_NUMPY_PARALLEL -> MEAN TIME: 0.2192164421081543 s, TIME STD: 0.03717653953673208 s, STD_%: 17.0%, SPEED-UP: 35.10
APPROACH 5: QMATMUL_DIRECT_NUMBA_CUDA OFF.
APPROACH 6: QMATMUL_ALGO_NUMPY_ST -> MEAN TIME: 0.7876853704452514 s, TIME STD: 0.008607168465509876 s, STD_%: 1.1%, SPEED-UP: 9.77
APPROACH 7: QMATMUL_ALGO_NUMPY_PARALLEL -> MEAN TIME: 0.19566671848297118 s, TIME STD: 0.00755691822962322 s, STD_%: 3.9%, SPEED-UP: 39.32
APPROACH 8: QMATMUL_ALGO_NUMBA_CUDA OFF.
================================================================================================================================================================================================================
QUATERNIONS MAIN DONE. [hash string: 3516465430_22951_053_[1000;3000;2000;2.0;float32;10;FTTTFTTF], time: 104.9765727519989 s]
