QUATERNIONS MAIN...
HASH STRING: 4237175430_18423_053_[100;200;300;2.0;float32;10;FTFTFFTF]
================================================================================================================================================================================================================
EXPERIMENT INFO:
{
  M: 100,
  N: 200,
  P: 300,
  SEED: 0,
  RANGE: 2.0,
  DTYPE: <class 'numpy.float32'>,
  REPETITIONS: 10,
  QMATMUL_NAIVE_NUMBA_ST: (False, 'qmatmul_naive_numba_st_float32'),
  QMATMUL_NAIVE_NUMBA_PARALLEL: (True, 'qmatmul_naive_numba_parallel_float32'),
  QMATMUL_DIRECT_NUMPY_ST: (False, 'qmatmul_direct_numpy_st'),
  QMATMUL_DIRECT_NUMPY_PARALLEL: (True, 'qmatmul_direct_numpy_parallel'),
  QMATMUL_DIRECT_NUMBA_CUDA: (False, 'qmatmul_direct_numba_cuda_float32'),
  QMATMUL_ALGO_NUMPY_ST: (False, 'qmatmul_algo_numpy_st'),
  QMATMUL_ALGO_NUMPY_PARALLEL: (True, 'qmatmul_algo_numpy_parallel'),
  QMATMUL_ALGO_NUMBA_CUDA: (False, 'qmatmul_algo_numba_cuda_float32')
}
================================================================================================================================================================================================================
CPU AND SYSTEM PROPS:
{
  cpu_name: Intel(R) Core(TM) Ultra 9 285HX,
  ram_size: 125.3 GB,
  os_name: Linux 6.17.0-1020-oem,
  os_version: #20-Ubuntu SMP PREEMPT_DYNAMIC Wed Apr 22 07:30:20 UTC 2026,
  os_machine: x86_64
}
GPU PROPS:
{
  name: NVIDIA RTX PRO 5000 Blackwell Generation Laptop GPU,
  max_threads_per_block: 1024,
  max_block_dim_x: 1024,
  max_block_dim_y: 1024,
  max_block_dim_z: 64,
  max_grid_dim_x: 2147483647,
  max_grid_dim_y: 65535,
  max_grid_dim_z: 65535,
  max_shared_memory_per_block: 49152,
  async_engine_count: 2,
  can_map_host_memory: 1,
  multiprocessor_count: 82,
  warp_size: 32,
  unified_addressing: 1,
  pci_bus_id: 2,
  pci_device_id: 0,
  compute_capability: ComputeCapability(major=12, minor=0),
  cores_per_SM: 128,
  cores_total: 10496
}
================================================================================================================================================================================================================
MEMORY INFO:
A: 0.305 MiB
B: 0.916 MiB
C: 0.46 MiB
================================================================================================================================================================================================================
WARM-UP:
WARM-UP APPROACH 1: QMATMUL_NAIVE_NUMBA_ST OFF.
WARM-UP FOR APPROACH 2: QMATMUL_NAIVE_NUMBA_PARALLEL...
WARM-UP FOR APPROACH 2: QMATMUL_NAIVE_NUMBA_PARALLEL DONE. [time: 0.0047533512115478516 s]
WARM-UP APPROACH 3: QMATMUL_DIRECT_NUMPY_ST OFF.
WARM-UP FOR APPROACH 4: QMATMUL_DIRECT_NUMPY_PARALLEL...
WARM-UP FOR APPROACH 4: QMATMUL_DIRECT_NUMPY_PARALLEL DONE. [time: 0.0007834434509277344 s]
WARM-UP APPROACH 5: QMATMUL_DIRECT_NUMBA_CUDA OFF.
WARM-UP APPROACH 6: QMATMUL_ALGO_NUMPY_ST OFF.
WARM-UP FOR APPROACH 7: QMATMUL_ALGO_NUMPY_PARALLEL...
WARM-UP FOR APPROACH 7: QMATMUL_ALGO_NUMPY_PARALLEL DONE. [time: 0.0003516674041748047 s]
WARM-UP APPROACH 8: QMATMUL_ALGO_NUMBA_CUDA OFF.
================================================================================================================================================================================================================
REPETITION: 1/10:
APPROACH 1: QMATMUL_NAIVE_NUMBA_ST OFF.
APPROACH 2: QMATMUL_NAIVE_NUMBA_PARALLEL...
APPROACH 2: QMATMUL_NAIVE_NUMBA_PARALLEL DONE. [time: 0.04642963409423828 s, all close: True, speed-up vs reference: 1.00, reference]
APPROACH 3: QMATMUL_DIRECT_NUMPY_ST OFF.
APPROACH 4: QMATMUL_DIRECT_NUMPY_PARALLEL...
APPROACH 4: QMATMUL_DIRECT_NUMPY_PARALLEL DONE. [time: 0.005144596099853516 s, all close: True, speed-up vs reference: 9.02]
APPROACH 5: QMATMUL_DIRECT_NUMBA_CUDA OFF.
APPROACH 6: QMATMUL_ALGO_NUMPY_ST OFF.
APPROACH 7: QMATMUL_ALGO_NUMPY_PARALLEL...
APPROACH 7: QMATMUL_ALGO_NUMPY_PARALLEL DONE. [time: 0.0959932804107666 s, all close: True, speed-up vs reference: 0.48]
APPROACH 8: QMATMUL_ALGO_NUMBA_CUDA OFF.
REPETITION: 2/10:
APPROACH 1: QMATMUL_NAIVE_NUMBA_ST OFF.
APPROACH 2: QMATMUL_NAIVE_NUMBA_PARALLEL...
APPROACH 2: QMATMUL_NAIVE_NUMBA_PARALLEL DONE. [time: 0.03881382942199707 s, all close: True, speed-up vs reference: 1.20]
APPROACH 3: QMATMUL_DIRECT_NUMPY_ST OFF.
APPROACH 4: QMATMUL_DIRECT_NUMPY_PARALLEL...
APPROACH 4: QMATMUL_DIRECT_NUMPY_PARALLEL DONE. [time: 0.019604206085205078 s, all close: True, speed-up vs reference: 2.37]
APPROACH 5: QMATMUL_DIRECT_NUMBA_CUDA OFF.
APPROACH 6: QMATMUL_ALGO_NUMPY_ST OFF.
APPROACH 7: QMATMUL_ALGO_NUMPY_PARALLEL...
APPROACH 7: QMATMUL_ALGO_NUMPY_PARALLEL DONE. [time: 0.023921489715576172 s, all close: True, speed-up vs reference: 1.94]
APPROACH 8: QMATMUL_ALGO_NUMBA_CUDA OFF.
REPETITION: 3/10:
APPROACH 1: QMATMUL_NAIVE_NUMBA_ST OFF.
APPROACH 2: QMATMUL_NAIVE_NUMBA_PARALLEL...
APPROACH 2: QMATMUL_NAIVE_NUMBA_PARALLEL DONE. [time: 0.06971263885498047 s, all close: True, speed-up vs reference: 0.67]
APPROACH 3: QMATMUL_DIRECT_NUMPY_ST OFF.
APPROACH 4: QMATMUL_DIRECT_NUMPY_PARALLEL...
APPROACH 4: QMATMUL_DIRECT_NUMPY_PARALLEL DONE. [time: 0.004726886749267578 s, all close: True, speed-up vs reference: 9.82]
APPROACH 5: QMATMUL_DIRECT_NUMBA_CUDA OFF.
APPROACH 6: QMATMUL_ALGO_NUMPY_ST OFF.
APPROACH 7: QMATMUL_ALGO_NUMPY_PARALLEL...
APPROACH 7: QMATMUL_ALGO_NUMPY_PARALLEL DONE. [time: 0.04592180252075195 s, all close: True, speed-up vs reference: 1.01]
APPROACH 8: QMATMUL_ALGO_NUMBA_CUDA OFF.
REPETITION: 4/10:
APPROACH 1: QMATMUL_NAIVE_NUMBA_ST OFF.
APPROACH 2: QMATMUL_NAIVE_NUMBA_PARALLEL...
APPROACH 2: QMATMUL_NAIVE_NUMBA_PARALLEL DONE. [time: 0.04425358772277832 s, all close: True, speed-up vs reference: 1.05]
APPROACH 3: QMATMUL_DIRECT_NUMPY_ST OFF.
APPROACH 4: QMATMUL_DIRECT_NUMPY_PARALLEL...
APPROACH 4: QMATMUL_DIRECT_NUMPY_PARALLEL DONE. [time: 0.00732731819152832 s, all close: True, speed-up vs reference: 6.34]
APPROACH 5: QMATMUL_DIRECT_NUMBA_CUDA OFF.
APPROACH 6: QMATMUL_ALGO_NUMPY_ST OFF.
APPROACH 7: QMATMUL_ALGO_NUMPY_PARALLEL...
APPROACH 7: QMATMUL_ALGO_NUMPY_PARALLEL DONE. [time: 0.0016512870788574219 s, all close: True, speed-up vs reference: 28.12]
APPROACH 8: QMATMUL_ALGO_NUMBA_CUDA OFF.
REPETITION: 5/10:
APPROACH 1: QMATMUL_NAIVE_NUMBA_ST OFF.
APPROACH 2: QMATMUL_NAIVE_NUMBA_PARALLEL...
APPROACH 2: QMATMUL_NAIVE_NUMBA_PARALLEL DONE. [time: 0.04755687713623047 s, all close: True, speed-up vs reference: 0.98]
APPROACH 3: QMATMUL_DIRECT_NUMPY_ST OFF.
APPROACH 4: QMATMUL_DIRECT_NUMPY_PARALLEL...
APPROACH 4: QMATMUL_DIRECT_NUMPY_PARALLEL DONE. [time: 0.004219770431518555 s, all close: True, speed-up vs reference: 11.00]
APPROACH 5: QMATMUL_DIRECT_NUMBA_CUDA OFF.
APPROACH 6: QMATMUL_ALGO_NUMPY_ST OFF.
APPROACH 7: QMATMUL_ALGO_NUMPY_PARALLEL...
APPROACH 7: QMATMUL_ALGO_NUMPY_PARALLEL DONE. [time: 0.0007867813110351562 s, all close: True, speed-up vs reference: 59.01]
APPROACH 8: QMATMUL_ALGO_NUMBA_CUDA OFF.
REPETITION: 6/10:
APPROACH 1: QMATMUL_NAIVE_NUMBA_ST OFF.
APPROACH 2: QMATMUL_NAIVE_NUMBA_PARALLEL...
APPROACH 2: QMATMUL_NAIVE_NUMBA_PARALLEL DONE. [time: 0.05083656311035156 s, all close: True, speed-up vs reference: 0.91]
APPROACH 3: QMATMUL_DIRECT_NUMPY_ST OFF.
APPROACH 4: QMATMUL_DIRECT_NUMPY_PARALLEL...
APPROACH 4: QMATMUL_DIRECT_NUMPY_PARALLEL DONE. [time: 0.00672602653503418 s, all close: True, speed-up vs reference: 6.90]
APPROACH 5: QMATMUL_DIRECT_NUMBA_CUDA OFF.
APPROACH 6: QMATMUL_ALGO_NUMPY_ST OFF.
APPROACH 7: QMATMUL_ALGO_NUMPY_PARALLEL...
APPROACH 7: QMATMUL_ALGO_NUMPY_PARALLEL DONE. [time: 0.0007605552673339844 s, all close: True, speed-up vs reference: 61.05]
APPROACH 8: QMATMUL_ALGO_NUMBA_CUDA OFF.
REPETITION: 7/10:
APPROACH 1: QMATMUL_NAIVE_NUMBA_ST OFF.
APPROACH 2: QMATMUL_NAIVE_NUMBA_PARALLEL...
APPROACH 2: QMATMUL_NAIVE_NUMBA_PARALLEL DONE. [time: 0.046045780181884766 s, all close: True, speed-up vs reference: 1.01]
APPROACH 3: QMATMUL_DIRECT_NUMPY_ST OFF.
APPROACH 4: QMATMUL_DIRECT_NUMPY_PARALLEL...
APPROACH 4: QMATMUL_DIRECT_NUMPY_PARALLEL DONE. [time: 0.010317564010620117 s, all close: True, speed-up vs reference: 4.50]
APPROACH 5: QMATMUL_DIRECT_NUMBA_CUDA OFF.
APPROACH 6: QMATMUL_ALGO_NUMPY_ST OFF.
APPROACH 7: QMATMUL_ALGO_NUMPY_PARALLEL...
APPROACH 7: QMATMUL_ALGO_NUMPY_PARALLEL DONE. [time: 0.0063664913177490234 s, all close: True, speed-up vs reference: 7.29]
APPROACH 8: QMATMUL_ALGO_NUMBA_CUDA OFF.
REPETITION: 8/10:
APPROACH 1: QMATMUL_NAIVE_NUMBA_ST OFF.
APPROACH 2: QMATMUL_NAIVE_NUMBA_PARALLEL...
APPROACH 2: QMATMUL_NAIVE_NUMBA_PARALLEL DONE. [time: 0.06280660629272461 s, all close: True, speed-up vs reference: 0.74]
APPROACH 3: QMATMUL_DIRECT_NUMPY_ST OFF.
APPROACH 4: QMATMUL_DIRECT_NUMPY_PARALLEL...
APPROACH 4: QMATMUL_DIRECT_NUMPY_PARALLEL DONE. [time: 0.002888202667236328 s, all close: True, speed-up vs reference: 16.08]
APPROACH 5: QMATMUL_DIRECT_NUMBA_CUDA OFF.
APPROACH 6: QMATMUL_ALGO_NUMPY_ST OFF.
APPROACH 7: QMATMUL_ALGO_NUMPY_PARALLEL...
APPROACH 7: QMATMUL_ALGO_NUMPY_PARALLEL DONE. [time: 0.02352428436279297 s, all close: True, speed-up vs reference: 1.97]
APPROACH 8: QMATMUL_ALGO_NUMBA_CUDA OFF.
REPETITION: 9/10:
APPROACH 1: QMATMUL_NAIVE_NUMBA_ST OFF.
APPROACH 2: QMATMUL_NAIVE_NUMBA_PARALLEL...
APPROACH 2: QMATMUL_NAIVE_NUMBA_PARALLEL DONE. [time: 0.05915236473083496 s, all close: True, speed-up vs reference: 0.78]
APPROACH 3: QMATMUL_DIRECT_NUMPY_ST OFF.
APPROACH 4: QMATMUL_DIRECT_NUMPY_PARALLEL...
APPROACH 4: QMATMUL_DIRECT_NUMPY_PARALLEL DONE. [time: 0.005632638931274414 s, all close: True, speed-up vs reference: 8.24]
APPROACH 5: QMATMUL_DIRECT_NUMBA_CUDA OFF.
APPROACH 6: QMATMUL_ALGO_NUMPY_ST OFF.
APPROACH 7: QMATMUL_ALGO_NUMPY_PARALLEL...
APPROACH 7: QMATMUL_ALGO_NUMPY_PARALLEL DONE. [time: 0.04686141014099121 s, all close: True, speed-up vs reference: 0.99]
APPROACH 8: QMATMUL_ALGO_NUMBA_CUDA OFF.
REPETITION: 10/10:
APPROACH 1: QMATMUL_NAIVE_NUMBA_ST OFF.
APPROACH 2: QMATMUL_NAIVE_NUMBA_PARALLEL...
APPROACH 2: QMATMUL_NAIVE_NUMBA_PARALLEL DONE. [time: 0.055809736251831055 s, all close: True, speed-up vs reference: 0.83]
APPROACH 3: QMATMUL_DIRECT_NUMPY_ST OFF.
APPROACH 4: QMATMUL_DIRECT_NUMPY_PARALLEL...
APPROACH 4: QMATMUL_DIRECT_NUMPY_PARALLEL DONE. [time: 0.009832143783569336 s, all close: True, speed-up vs reference: 4.72]
APPROACH 5: QMATMUL_DIRECT_NUMBA_CUDA OFF.
APPROACH 6: QMATMUL_ALGO_NUMPY_ST OFF.
APPROACH 7: QMATMUL_ALGO_NUMPY_PARALLEL...
APPROACH 7: QMATMUL_ALGO_NUMPY_PARALLEL DONE. [time: 0.0015845298767089844 s, all close: True, speed-up vs reference: 29.30]
APPROACH 8: QMATMUL_ALGO_NUMBA_CUDA OFF.
================================================================================================================================================================================================================
SUMMARY:
APPROACH 1: QMATMUL_NAIVE_NUMBA_ST OFF.
APPROACH 2: QMATMUL_NAIVE_NUMBA_PARALLEL (REFERENCE) -> MEAN TIME: 0.052141761779785155 s, TIME STD: 0.009041285285446886 s, STD_%: 17.3%, SPEED-UP: 1.00
APPROACH 3: QMATMUL_DIRECT_NUMPY_ST OFF.
APPROACH 4: QMATMUL_DIRECT_NUMPY_PARALLEL -> MEAN TIME: 0.007641935348510742 s, TIME STD: 0.004572422407103363 s, STD_%: 59.8%, SPEED-UP: 6.82
APPROACH 5: QMATMUL_DIRECT_NUMBA_CUDA OFF.
APPROACH 6: QMATMUL_ALGO_NUMPY_ST OFF.
APPROACH 7: QMATMUL_ALGO_NUMPY_PARALLEL -> MEAN TIME: 0.02473719120025635 s, TIME STD: 0.029279385403697917 s, STD_%: 118.4%, SPEED-UP: 2.11
APPROACH 8: QMATMUL_ALGO_NUMBA_CUDA OFF.
================================================================================================================================================================================================================
QUATERNIONS MAIN DONE. [hash string: 4237175430_18423_053_[100;200;300;2.0;float32;10;FTFTFFTF], time: 1.9467494487762451 s]
